| empty-file.go:1:1:1:1 | expected 'package', found 'EOF' |
