| main.go:11:10:11:14 | query |
| main.go:12:22:12:26 | query |
| main.go:13:13:13:17 | query |
| main.go:14:25:14:29 | query |
| main.go:15:11:15:15 | query |
| main.go:16:23:16:27 | query |
| main.go:17:14:17:18 | query |
| main.go:18:26:18:30 | query |
| main.go:22:57:22:65 | querypart |
| main.go:23:44:23:52 | querypart |
| main.go:27:10:27:14 | query |
| main.go:28:22:28:26 | query |
| main.go:29:13:29:17 | query |
| main.go:30:25:30:29 | query |
| main.go:31:11:31:15 | query |
| main.go:32:23:32:27 | query |
| main.go:33:14:33:18 | query |
| main.go:34:26:34:30 | query |
| pg.go:10:7:10:11 | query |
| pg.go:12:24:12:28 | query |
| pg.go:13:15:13:19 | query |
| pg.go:14:22:14:26 | query |
| pg.go:15:13:15:17 | query |
| pg.go:16:22:16:26 | query |
| pg.go:17:13:17:17 | query |
| pg.go:22:10:22:14 | query |
| pg.go:23:15:23:19 | query |
| pg.go:24:13:24:17 | query |
| pg.go:25:13:25:17 | query |
| pg.go:28:8:28:12 | query |
| pg.go:29:15:29:19 | query |
| pg.go:30:8:30:12 | query |
| pg.go:32:19:32:23 | query |
| pg.go:33:11:33:15 | query |
| pg.go:34:10:34:14 | query |
| pg.go:35:17:35:21 | query |
| pg.go:36:12:36:16 | query |
