| -:0:0:0:0 | malformed import path "github.com/github/codeql-go/ql/test/query-tests/Diagnostics/invalid{": invalid char '{' |
| bad.go:3:1:3:1 | expected 'package', found avvu |
| type.go:11:9:11:9 | cannot use v (variable of type V) as T value in argument to takesT |
