| go.mod:1:1:2:32 | comment group |
| go.mod:3:1:3:11 | comment group |
| go.mod:5:1:5:13 | comment group |
