edges
| AllocationSizeOverflow.go:6:2:6:33 | ... := ...[0] : slice type | AllocationSizeOverflow.go:10:10:10:22 | call to len |
| tst2.go:9:2:9:37 | ... := ...[0] : slice type | tst2.go:10:22:10:30 | call to len |
| tst2.go:14:2:14:29 | ... := ...[0] : slice type | tst2.go:15:22:15:30 | call to len |
| tst.go:14:2:14:30 | ... = ...[0] : slice type | tst.go:15:22:15:34 | call to len |
| tst.go:20:2:20:31 | ... = ...[0] : slice type | tst.go:21:22:21:34 | call to len |
| tst.go:26:2:26:31 | ... = ...[0] : slice type | tst.go:27:22:27:34 | call to len |
| tst.go:34:2:34:30 | ... = ...[0] : slice type | tst.go:35:22:35:34 | call to len |
nodes
| AllocationSizeOverflow.go:6:2:6:33 | ... := ...[0] : slice type | semmle.label | ... := ...[0] : slice type |
| AllocationSizeOverflow.go:10:10:10:22 | call to len | semmle.label | call to len |
| tst2.go:9:2:9:37 | ... := ...[0] : slice type | semmle.label | ... := ...[0] : slice type |
| tst2.go:10:22:10:30 | call to len | semmle.label | call to len |
| tst2.go:14:2:14:29 | ... := ...[0] : slice type | semmle.label | ... := ...[0] : slice type |
| tst2.go:15:22:15:30 | call to len | semmle.label | call to len |
| tst.go:14:2:14:30 | ... = ...[0] : slice type | semmle.label | ... = ...[0] : slice type |
| tst.go:15:22:15:34 | call to len | semmle.label | call to len |
| tst.go:20:2:20:31 | ... = ...[0] : slice type | semmle.label | ... = ...[0] : slice type |
| tst.go:21:22:21:34 | call to len | semmle.label | call to len |
| tst.go:26:2:26:31 | ... = ...[0] : slice type | semmle.label | ... = ...[0] : slice type |
| tst.go:27:22:27:34 | call to len | semmle.label | call to len |
| tst.go:34:2:34:30 | ... = ...[0] : slice type | semmle.label | ... = ...[0] : slice type |
| tst.go:35:22:35:34 | call to len | semmle.label | call to len |
#select
| AllocationSizeOverflow.go:10:10:10:22 | call to len | AllocationSizeOverflow.go:6:2:6:33 | ... := ...[0] : slice type | AllocationSizeOverflow.go:10:10:10:22 | call to len | This operation, which is used in an $@, involves a potentially large $@ and might overflow. | AllocationSizeOverflow.go:11:25:11:28 | size | allocation | AllocationSizeOverflow.go:6:2:6:33 | ... := ...[0] : slice type | value |
| tst2.go:10:22:10:30 | call to len | tst2.go:9:2:9:37 | ... := ...[0] : slice type | tst2.go:10:22:10:30 | call to len | This operation, which is used in an $@, involves a potentially large $@ and might overflow. | tst2.go:10:22:10:32 | ...+... | allocation | tst2.go:9:2:9:37 | ... := ...[0] : slice type | value |
| tst2.go:15:22:15:30 | call to len | tst2.go:14:2:14:29 | ... := ...[0] : slice type | tst2.go:15:22:15:30 | call to len | This operation, which is used in an $@, involves a potentially large $@ and might overflow. | tst2.go:15:22:15:32 | ...+... | allocation | tst2.go:14:2:14:29 | ... := ...[0] : slice type | value |
| tst.go:15:22:15:34 | call to len | tst.go:14:2:14:30 | ... = ...[0] : slice type | tst.go:15:22:15:34 | call to len | This operation, which is used in an $@, involves a potentially large $@ and might overflow. | tst.go:15:22:15:36 | ...+... | allocation | tst.go:14:2:14:30 | ... = ...[0] : slice type | value |
| tst.go:21:22:21:34 | call to len | tst.go:20:2:20:31 | ... = ...[0] : slice type | tst.go:21:22:21:34 | call to len | This operation, which is used in an $@, involves a potentially large $@ and might overflow. | tst.go:21:22:21:36 | ...+... | allocation | tst.go:20:2:20:31 | ... = ...[0] : slice type | value |
| tst.go:27:22:27:34 | call to len | tst.go:26:2:26:31 | ... = ...[0] : slice type | tst.go:27:22:27:34 | call to len | This operation, which is used in an $@, involves a potentially large $@ and might overflow. | tst.go:27:22:27:36 | ...+... | allocation | tst.go:26:2:26:31 | ... = ...[0] : slice type | value |
| tst.go:35:22:35:34 | call to len | tst.go:34:2:34:30 | ... = ...[0] : slice type | tst.go:35:22:35:34 | call to len | This operation, which is used in an $@, involves a potentially large $@ and might overflow. | tst.go:35:22:35:36 | ...+... | allocation | tst.go:34:2:34:30 | ... = ...[0] : slice type | value |
