| tst.go:7:16:7:19 | bool | tst.go:7:16:7:19 | bool |
| tst.go:7:30:7:33 | true | tst.go:7:30:7:33 | true |
| tst.go:10:2:10:2 | x | tst.go:10:2:10:2 | x |
| tst.go:10:7:10:10 | true | tst.go:10:7:10:10 | true |
| tst.go:11:2:11:2 | y | tst.go:11:2:11:2 | y |
| tst.go:11:7:11:11 | false | tst.go:11:7:11:11 | false |
| tst.go:12:2:12:2 | z | tst.go:12:2:12:2 | z |
| tst.go:12:7:12:15 | call to boolVal | tst.go:12:7:12:15 | call to boolVal |
| tst.go:14:2:14:6 | anded | tst.go:14:2:14:6 | anded |
| tst.go:14:11:14:11 | x | tst.go:14:11:14:11 | x |
| tst.go:14:11:14:11 | x | tst.go:14:11:14:16 | ...&&... |
| tst.go:14:11:14:11 | x | tst.go:14:11:14:21 | ...&&... |
| tst.go:14:11:14:16 | ...&&... | tst.go:14:11:14:16 | ...&&... |
| tst.go:14:11:14:16 | ...&&... | tst.go:14:11:14:21 | ...&&... |
| tst.go:14:11:14:21 | ...&&... | tst.go:14:11:14:21 | ...&&... |
| tst.go:14:16:14:16 | y | tst.go:14:11:14:16 | ...&&... |
| tst.go:14:16:14:16 | y | tst.go:14:11:14:21 | ...&&... |
| tst.go:14:16:14:16 | y | tst.go:14:16:14:16 | y |
| tst.go:14:21:14:21 | z | tst.go:14:11:14:21 | ...&&... |
| tst.go:14:21:14:21 | z | tst.go:14:21:14:21 | z |
| tst.go:15:12:15:16 | anded | tst.go:15:12:15:16 | anded |
| tst.go:16:2:16:5 | ored | tst.go:16:2:16:5 | ored |
| tst.go:16:10:16:10 | x | tst.go:16:10:16:10 | x |
| tst.go:16:10:16:10 | x | tst.go:16:10:16:15 | ...\|\|... |
| tst.go:16:10:16:10 | x | tst.go:16:10:16:20 | ...\|\|... |
| tst.go:16:10:16:15 | ...\|\|... | tst.go:16:10:16:15 | ...\|\|... |
| tst.go:16:10:16:15 | ...\|\|... | tst.go:16:10:16:20 | ...\|\|... |
| tst.go:16:10:16:20 | ...\|\|... | tst.go:16:10:16:20 | ...\|\|... |
| tst.go:16:15:16:15 | y | tst.go:16:10:16:15 | ...\|\|... |
| tst.go:16:15:16:15 | y | tst.go:16:10:16:20 | ...\|\|... |
| tst.go:16:15:16:15 | y | tst.go:16:15:16:15 | y |
| tst.go:16:20:16:20 | z | tst.go:16:10:16:20 | ...\|\|... |
| tst.go:16:20:16:20 | z | tst.go:16:20:16:20 | z |
| tst.go:17:12:17:15 | ored | tst.go:17:12:17:15 | ored |
| tst.go:18:2:18:5 | tst1 | tst.go:18:2:18:5 | tst1 |
| tst.go:18:10:18:11 | !... | tst.go:18:10:18:11 | !... |
| tst.go:18:10:18:11 | !... | tst.go:18:10:18:22 | ...\|\|... |
| tst.go:18:10:18:22 | ...\|\|... | tst.go:18:10:18:22 | ...\|\|... |
| tst.go:18:11:18:11 | x | tst.go:18:10:18:11 | !... |
| tst.go:18:11:18:11 | x | tst.go:18:10:18:22 | ...\|\|... |
| tst.go:18:11:18:11 | x | tst.go:18:11:18:11 | x |
| tst.go:18:16:18:16 | y | tst.go:18:10:18:22 | ...\|\|... |
| tst.go:18:16:18:16 | y | tst.go:18:16:18:16 | y |
| tst.go:18:16:18:16 | y | tst.go:18:16:18:22 | ...&&... |
| tst.go:18:16:18:22 | ...&&... | tst.go:18:10:18:22 | ...\|\|... |
| tst.go:18:16:18:22 | ...&&... | tst.go:18:16:18:22 | ...&&... |
| tst.go:18:21:18:22 | !... | tst.go:18:10:18:22 | ...\|\|... |
| tst.go:18:21:18:22 | !... | tst.go:18:16:18:22 | ...&&... |
| tst.go:18:21:18:22 | !... | tst.go:18:21:18:22 | !... |
| tst.go:18:22:18:22 | z | tst.go:18:10:18:22 | ...\|\|... |
| tst.go:18:22:18:22 | z | tst.go:18:16:18:22 | ...&&... |
| tst.go:18:22:18:22 | z | tst.go:18:21:18:22 | !... |
| tst.go:18:22:18:22 | z | tst.go:18:22:18:22 | z |
| tst.go:19:12:19:15 | tst1 | tst.go:19:12:19:15 | tst1 |
| tst.go:20:2:20:5 | tst2 | tst.go:20:2:20:5 | tst2 |
| tst.go:20:10:20:10 | x | tst.go:20:10:20:10 | x |
| tst.go:20:10:20:10 | x | tst.go:20:10:20:23 | ...&&... |
| tst.go:20:10:20:23 | ...&&... | tst.go:20:10:20:23 | ...&&... |
| tst.go:20:15:20:23 | !... | tst.go:20:10:20:23 | ...&&... |
| tst.go:20:15:20:23 | !... | tst.go:20:15:20:23 | !... |
| tst.go:20:16:20:23 | (...) | tst.go:20:10:20:23 | ...&&... |
| tst.go:20:16:20:23 | (...) | tst.go:20:15:20:23 | !... |
| tst.go:20:16:20:23 | (...) | tst.go:20:16:20:23 | (...) |
| tst.go:20:17:20:17 | y | tst.go:20:10:20:23 | ...&&... |
| tst.go:20:17:20:17 | y | tst.go:20:15:20:23 | !... |
| tst.go:20:17:20:17 | y | tst.go:20:16:20:23 | (...) |
| tst.go:20:17:20:17 | y | tst.go:20:17:20:17 | y |
| tst.go:20:17:20:17 | y | tst.go:20:17:20:22 | ...\|\|... |
| tst.go:20:17:20:22 | ...\|\|... | tst.go:20:10:20:23 | ...&&... |
| tst.go:20:17:20:22 | ...\|\|... | tst.go:20:15:20:23 | !... |
| tst.go:20:17:20:22 | ...\|\|... | tst.go:20:16:20:23 | (...) |
| tst.go:20:17:20:22 | ...\|\|... | tst.go:20:17:20:22 | ...\|\|... |
| tst.go:20:22:20:22 | z | tst.go:20:10:20:23 | ...&&... |
| tst.go:20:22:20:22 | z | tst.go:20:15:20:23 | !... |
| tst.go:20:22:20:22 | z | tst.go:20:16:20:23 | (...) |
| tst.go:20:22:20:22 | z | tst.go:20:17:20:22 | ...\|\|... |
| tst.go:20:22:20:22 | z | tst.go:20:22:20:22 | z |
| tst.go:21:12:21:15 | tst2 | tst.go:21:12:21:15 | tst2 |
