| iHaveAMethod | meth | github.com/github/codeql-go/ql/test/library-tests/semmle/go/Scopes | iHaveAMethod | meth |
| meth1Iface | meth1 | github.com/github/codeql-go/ql/test/library-tests/semmle/go/Scopes | meth1Iface | meth1 |
| meth1Iface | meth1 | github.com/github/codeql-go/ql/test/library-tests/semmle/go/Scopes | twoMethods | meth1 |
| pointer type | meth | github.com/github/codeql-go/ql/test/library-tests/semmle/go/Scopes | iHaveAMethod | meth |
| pointer type | meth1 | github.com/github/codeql-go/ql/test/library-tests/semmle/go/Scopes | meth1Iface | meth1 |
| pointer type | meth1 | github.com/github/codeql-go/ql/test/library-tests/semmle/go/Scopes | twoMethods | meth1 |
| starImpl | meth2 | github.com/github/codeql-go/ql/test/library-tests/semmle/go/Scopes | twoMethods | meth2 |
| twoMethods | meth1 | github.com/github/codeql-go/ql/test/library-tests/semmle/go/Scopes | meth1Iface | meth1 |
| twoMethods | meth1 | github.com/github/codeql-go/ql/test/library-tests/semmle/go/Scopes | twoMethods | meth1 |
| twoMethods | meth2 | github.com/github/codeql-go/ql/test/library-tests/semmle/go/Scopes | twoMethods | meth2 |
