edges
| klog.go:20:30:20:37 | selection of Header : Header | klog.go:22:15:22:20 | header |
| klog.go:28:13:28:20 | selection of Header : Header | klog.go:28:13:28:41 | call to Get |
| main.go:13:2:13:9 | definition of password : string | main.go:15:14:15:21 | password |
| main.go:13:2:13:9 | definition of password : string | main.go:17:12:17:19 | password |
| main.go:13:2:13:9 | definition of password : string | main.go:18:17:18:24 | password |
| main.go:13:2:13:9 | definition of password : string | main.go:22:29:22:34 | fields |
| main.go:13:2:13:9 | definition of password : string | main.go:25:35:25:42 | password |
| overrides.go:8:2:8:9 | definition of password : string | overrides.go:9:9:9:16 | password : string |
| overrides.go:9:9:9:16 | password : string | overrides.go:13:14:13:23 | call to String |
| passwords.go:8:12:8:12 | definition of x : string | passwords.go:9:14:9:14 | x |
| passwords.go:21:2:21:9 | definition of password : string | passwords.go:25:14:25:21 | password |
| passwords.go:21:2:21:9 | definition of password : string | passwords.go:30:8:30:15 | password : string |
| passwords.go:21:2:21:9 | definition of password : string | passwords.go:32:12:32:19 | password |
| passwords.go:21:2:21:9 | definition of password : string | passwords.go:34:14:34:35 | ...+... |
| passwords.go:21:2:21:9 | definition of password : string | passwords.go:44:14:44:17 | obj2 |
| passwords.go:21:2:21:9 | definition of password : string | passwords.go:47:14:47:17 | obj3 |
| passwords.go:21:2:21:9 | definition of password : string | passwords.go:92:23:92:28 | secret |
| passwords.go:21:2:21:9 | definition of password : string | passwords.go:102:15:102:40 | ...+... |
| passwords.go:21:2:21:9 | definition of password : string | passwords.go:108:16:108:41 | ...+... |
| passwords.go:21:2:21:9 | definition of password : string | passwords.go:113:15:113:40 | ...+... |
| passwords.go:21:2:21:9 | definition of password : string | passwords.go:123:13:123:20 | password : string |
| passwords.go:21:2:21:9 | definition of password : string | passwords.go:127:14:127:19 | config |
| passwords.go:30:8:30:15 | password : string | passwords.go:8:12:8:12 | definition of x : string |
| passwords.go:37:13:37:13 | x : string | passwords.go:39:14:39:17 | obj1 |
| passwords.go:50:2:50:15 | definition of fixed_password : string | passwords.go:51:14:51:27 | fixed_password |
| passwords.go:87:16:87:36 | call to make : map type | passwords.go:89:14:89:26 | utilityObject |
| passwords.go:116:6:116:14 | definition of password1 : stringable | passwords.go:117:14:117:45 | ...+... |
| passwords.go:120:12:125:2 | struct literal [x] : string | passwords.go:128:14:128:19 | config [x] : string |
| passwords.go:120:12:125:2 | struct literal [y] : string | passwords.go:129:14:129:19 | config [y] : string |
| passwords.go:123:13:123:20 | password : string | passwords.go:120:12:125:2 | struct literal [x] : string |
| passwords.go:124:13:124:25 | call to getPassword : string | passwords.go:120:12:125:2 | struct literal [y] : string |
| passwords.go:124:13:124:25 | call to getPassword : string | passwords.go:127:14:127:19 | config |
| passwords.go:128:14:128:19 | config [x] : string | passwords.go:128:14:128:21 | selection of x |
| passwords.go:129:14:129:19 | config [y] : string | passwords.go:129:14:129:21 | selection of y |
| util.go:16:9:16:18 | selection of password : string | passwords.go:28:14:28:28 | call to getPassword |
nodes
| klog.go:20:30:20:37 | selection of Header : Header | semmle.label | selection of Header : Header |
| klog.go:22:15:22:20 | header | semmle.label | header |
| klog.go:28:13:28:20 | selection of Header : Header | semmle.label | selection of Header : Header |
| klog.go:28:13:28:41 | call to Get | semmle.label | call to Get |
| main.go:13:2:13:9 | definition of password : string | semmle.label | definition of password : string |
| main.go:15:14:15:21 | password | semmle.label | password |
| main.go:17:12:17:19 | password | semmle.label | password |
| main.go:18:17:18:24 | password | semmle.label | password |
| main.go:22:29:22:34 | fields | semmle.label | fields |
| main.go:25:35:25:42 | password | semmle.label | password |
| overrides.go:8:2:8:9 | definition of password : string | semmle.label | definition of password : string |
| overrides.go:9:9:9:16 | password : string | semmle.label | password : string |
| overrides.go:13:14:13:23 | call to String | semmle.label | call to String |
| passwords.go:8:12:8:12 | definition of x : string | semmle.label | definition of x : string |
| passwords.go:9:14:9:14 | x | semmle.label | x |
| passwords.go:21:2:21:9 | definition of password : string | semmle.label | definition of password : string |
| passwords.go:25:14:25:21 | password | semmle.label | password |
| passwords.go:26:14:26:23 | selection of password | semmle.label | selection of password |
| passwords.go:27:14:27:26 | call to getPassword | semmle.label | call to getPassword |
| passwords.go:28:14:28:28 | call to getPassword | semmle.label | call to getPassword |
| passwords.go:30:8:30:15 | password : string | semmle.label | password : string |
| passwords.go:32:12:32:19 | password | semmle.label | password |
| passwords.go:34:14:34:35 | ...+... | semmle.label | ...+... |
| passwords.go:37:13:37:13 | x : string | semmle.label | x : string |
| passwords.go:39:14:39:17 | obj1 | semmle.label | obj1 |
| passwords.go:44:14:44:17 | obj2 | semmle.label | obj2 |
| passwords.go:47:14:47:17 | obj3 | semmle.label | obj3 |
| passwords.go:50:2:50:15 | definition of fixed_password : string | semmle.label | definition of fixed_password : string |
| passwords.go:51:14:51:27 | fixed_password | semmle.label | fixed_password |
| passwords.go:87:16:87:36 | call to make : map type | semmle.label | call to make : map type |
| passwords.go:89:14:89:26 | utilityObject | semmle.label | utilityObject |
| passwords.go:92:23:92:28 | secret | semmle.label | secret |
| passwords.go:102:15:102:40 | ...+... | semmle.label | ...+... |
| passwords.go:108:16:108:41 | ...+... | semmle.label | ...+... |
| passwords.go:113:15:113:40 | ...+... | semmle.label | ...+... |
| passwords.go:116:6:116:14 | definition of password1 : stringable | semmle.label | definition of password1 : stringable |
| passwords.go:117:14:117:45 | ...+... | semmle.label | ...+... |
| passwords.go:120:12:125:2 | struct literal [x] : string | semmle.label | struct literal [x] : string |
| passwords.go:120:12:125:2 | struct literal [y] : string | semmle.label | struct literal [y] : string |
| passwords.go:123:13:123:20 | password : string | semmle.label | password : string |
| passwords.go:124:13:124:25 | call to getPassword : string | semmle.label | call to getPassword : string |
| passwords.go:127:14:127:19 | config | semmle.label | config |
| passwords.go:128:14:128:19 | config [x] : string | semmle.label | config [x] : string |
| passwords.go:128:14:128:21 | selection of x | semmle.label | selection of x |
| passwords.go:129:14:129:19 | config [y] : string | semmle.label | config [y] : string |
| passwords.go:129:14:129:21 | selection of y | semmle.label | selection of y |
| util.go:16:9:16:18 | selection of password : string | semmle.label | selection of password : string |
#select
| klog.go:22:15:22:20 | header | klog.go:20:30:20:37 | selection of Header : Header | klog.go:22:15:22:20 | header | Sensitive data returned by $@ is logged here. | klog.go:20:30:20:37 | selection of Header | HTTP request headers |
| klog.go:28:13:28:41 | call to Get | klog.go:28:13:28:20 | selection of Header : Header | klog.go:28:13:28:41 | call to Get | Sensitive data returned by $@ is logged here. | klog.go:28:13:28:20 | selection of Header | HTTP request headers |
| main.go:15:14:15:21 | password | main.go:13:2:13:9 | definition of password : string | main.go:15:14:15:21 | password | Sensitive data returned by $@ is logged here. | main.go:13:2:13:9 | definition of password | an access to password |
| main.go:17:12:17:19 | password | main.go:13:2:13:9 | definition of password : string | main.go:17:12:17:19 | password | Sensitive data returned by $@ is logged here. | main.go:13:2:13:9 | definition of password | an access to password |
| main.go:18:17:18:24 | password | main.go:13:2:13:9 | definition of password : string | main.go:18:17:18:24 | password | Sensitive data returned by $@ is logged here. | main.go:13:2:13:9 | definition of password | an access to password |
| main.go:22:29:22:34 | fields | main.go:13:2:13:9 | definition of password : string | main.go:22:29:22:34 | fields | Sensitive data returned by $@ is logged here. | main.go:13:2:13:9 | definition of password | an access to password |
| main.go:25:35:25:42 | password | main.go:13:2:13:9 | definition of password : string | main.go:25:35:25:42 | password | Sensitive data returned by $@ is logged here. | main.go:13:2:13:9 | definition of password | an access to password |
| overrides.go:13:14:13:23 | call to String | overrides.go:8:2:8:9 | definition of password : string | overrides.go:13:14:13:23 | call to String | Sensitive data returned by $@ is logged here. | overrides.go:8:2:8:9 | definition of password | an access to password |
| passwords.go:9:14:9:14 | x | passwords.go:21:2:21:9 | definition of password : string | passwords.go:9:14:9:14 | x | Sensitive data returned by $@ is logged here. | passwords.go:21:2:21:9 | definition of password | an access to password |
| passwords.go:25:14:25:21 | password | passwords.go:21:2:21:9 | definition of password : string | passwords.go:25:14:25:21 | password | Sensitive data returned by $@ is logged here. | passwords.go:21:2:21:9 | definition of password | an access to password |
| passwords.go:26:14:26:23 | selection of password | passwords.go:26:14:26:23 | selection of password | passwords.go:26:14:26:23 | selection of password | Sensitive data returned by $@ is logged here. | passwords.go:26:14:26:23 | selection of password | an access to password |
| passwords.go:27:14:27:26 | call to getPassword | passwords.go:27:14:27:26 | call to getPassword | passwords.go:27:14:27:26 | call to getPassword | Sensitive data returned by $@ is logged here. | passwords.go:27:14:27:26 | call to getPassword | a call to getPassword |
| passwords.go:28:14:28:28 | call to getPassword | passwords.go:28:14:28:28 | call to getPassword | passwords.go:28:14:28:28 | call to getPassword | Sensitive data returned by $@ is logged here. | passwords.go:28:14:28:28 | call to getPassword | a call to getPassword |
| passwords.go:28:14:28:28 | call to getPassword | util.go:16:9:16:18 | selection of password : string | passwords.go:28:14:28:28 | call to getPassword | Sensitive data returned by $@ is logged here. | util.go:16:9:16:18 | selection of password | an access to password |
| passwords.go:32:12:32:19 | password | passwords.go:21:2:21:9 | definition of password : string | passwords.go:32:12:32:19 | password | Sensitive data returned by $@ is logged here. | passwords.go:21:2:21:9 | definition of password | an access to password |
| passwords.go:34:14:34:35 | ...+... | passwords.go:21:2:21:9 | definition of password : string | passwords.go:34:14:34:35 | ...+... | Sensitive data returned by $@ is logged here. | passwords.go:21:2:21:9 | definition of password | an access to password |
| passwords.go:39:14:39:17 | obj1 | passwords.go:37:13:37:13 | x : string | passwords.go:39:14:39:17 | obj1 | Sensitive data returned by $@ is logged here. | passwords.go:37:13:37:13 | x | an access to password |
| passwords.go:44:14:44:17 | obj2 | passwords.go:21:2:21:9 | definition of password : string | passwords.go:44:14:44:17 | obj2 | Sensitive data returned by $@ is logged here. | passwords.go:21:2:21:9 | definition of password | an access to password |
| passwords.go:47:14:47:17 | obj3 | passwords.go:21:2:21:9 | definition of password : string | passwords.go:47:14:47:17 | obj3 | Sensitive data returned by $@ is logged here. | passwords.go:21:2:21:9 | definition of password | an access to password |
| passwords.go:51:14:51:27 | fixed_password | passwords.go:50:2:50:15 | definition of fixed_password : string | passwords.go:51:14:51:27 | fixed_password | Sensitive data returned by $@ is logged here. | passwords.go:50:2:50:15 | definition of fixed_password | an access to fixed_password |
| passwords.go:89:14:89:26 | utilityObject | passwords.go:87:16:87:36 | call to make : map type | passwords.go:89:14:89:26 | utilityObject | Sensitive data returned by $@ is logged here. | passwords.go:87:16:87:36 | call to make | an access to passwordSet |
| passwords.go:92:23:92:28 | secret | passwords.go:21:2:21:9 | definition of password : string | passwords.go:92:23:92:28 | secret | Sensitive data returned by $@ is logged here. | passwords.go:21:2:21:9 | definition of password | an access to password |
| passwords.go:102:15:102:40 | ...+... | passwords.go:21:2:21:9 | definition of password : string | passwords.go:102:15:102:40 | ...+... | Sensitive data returned by $@ is logged here. | passwords.go:21:2:21:9 | definition of password | an access to password |
| passwords.go:108:16:108:41 | ...+... | passwords.go:21:2:21:9 | definition of password : string | passwords.go:108:16:108:41 | ...+... | Sensitive data returned by $@ is logged here. | passwords.go:21:2:21:9 | definition of password | an access to password |
| passwords.go:113:15:113:40 | ...+... | passwords.go:21:2:21:9 | definition of password : string | passwords.go:113:15:113:40 | ...+... | Sensitive data returned by $@ is logged here. | passwords.go:21:2:21:9 | definition of password | an access to password |
| passwords.go:117:14:117:45 | ...+... | passwords.go:116:6:116:14 | definition of password1 : stringable | passwords.go:117:14:117:45 | ...+... | Sensitive data returned by $@ is logged here. | passwords.go:116:6:116:14 | definition of password1 | an access to password1 |
| passwords.go:127:14:127:19 | config | passwords.go:21:2:21:9 | definition of password : string | passwords.go:127:14:127:19 | config | Sensitive data returned by $@ is logged here. | passwords.go:21:2:21:9 | definition of password | an access to password |
| passwords.go:127:14:127:19 | config | passwords.go:124:13:124:25 | call to getPassword : string | passwords.go:127:14:127:19 | config | Sensitive data returned by $@ is logged here. | passwords.go:124:13:124:25 | call to getPassword | a call to getPassword |
| passwords.go:128:14:128:21 | selection of x | passwords.go:21:2:21:9 | definition of password : string | passwords.go:128:14:128:21 | selection of x | Sensitive data returned by $@ is logged here. | passwords.go:21:2:21:9 | definition of password | an access to password |
| passwords.go:129:14:129:21 | selection of y | passwords.go:124:13:124:25 | call to getPassword : string | passwords.go:129:14:129:21 | selection of y | Sensitive data returned by $@ is logged here. | passwords.go:124:13:124:25 | call to getPassword | a call to getPassword |
