edges
| test.go:170:11:170:32 | call to Param : string | test.go:171:20:171:24 | param |
| test.go:176:11:176:32 | call to Param : string | test.go:183:20:183:29 | ...+... |
| test.go:191:10:191:26 | selection of URL : pointer type | test.go:191:10:191:26 | selection of URL : pointer type |
| test.go:191:10:191:26 | selection of URL : pointer type | test.go:191:10:191:26 | selection of URL : pointer type |
| test.go:191:10:191:26 | selection of URL : pointer type | test.go:194:21:194:32 | call to String |
| test.go:191:10:191:26 | selection of URL : pointer type | test.go:194:21:194:32 | call to String |
nodes
| test.go:170:11:170:32 | call to Param : string | semmle.label | call to Param : string |
| test.go:171:20:171:24 | param | semmle.label | param |
| test.go:176:11:176:32 | call to Param : string | semmle.label | call to Param : string |
| test.go:183:20:183:29 | ...+... | semmle.label | ...+... |
| test.go:191:10:191:26 | selection of URL : pointer type | semmle.label | selection of URL : pointer type |
| test.go:191:10:191:26 | selection of URL : pointer type | semmle.label | selection of URL : pointer type |
| test.go:194:21:194:32 | call to String | semmle.label | call to String |
| test.go:194:21:194:32 | call to String | semmle.label | call to String |
#select
| test.go:171:20:171:24 | param | test.go:170:11:170:32 | call to Param : string | test.go:171:20:171:24 | param | Untrusted URL redirection due to $@. | test.go:170:11:170:32 | call to Param | user-provided value |
| test.go:183:20:183:29 | ...+... | test.go:176:11:176:32 | call to Param : string | test.go:183:20:183:29 | ...+... | Untrusted URL redirection due to $@. | test.go:176:11:176:32 | call to Param | user-provided value |
