| codeql-go/go.mod:6:2:6:25 | go.mod require line | golang.org/x/mod | v0.2.0 | golang.org/x/mod | v0.2.0 |
| codeql-go/go.mod:7:2:7:55 | go.mod require line | golang.org/x/tools | v0.0.0-20200302225559-9b52d559c609 | golang.org/x/tools | v0.0.0-20200302225559-9b52d559c609 |
| fabric-snaps/go.mod:4:2:4:34 | go.mod require line | github.com/DATA-DOG/godog | v0.7.4 | github.com/DATA-DOG/godog | v0.7.4 |
| fabric-snaps/go.mod:5:2:5:56 | go.mod require line | github.com/cactus/go-statsd-client | v3.1.1+incompatible | github.com/cactus/go-statsd-client | v3.1.1+incompatible |
| fabric-snaps/go.mod:6:2:6:64 | go.mod require line | github.com/cloudflare/cfssl | v0.0.0-20180323000720-5d63dbd981b5 | github.com/cloudflare/cfssl | v0.0.0-20180323000720-5d63dbd981b5 |
| fabric-snaps/go.mod:7:2:7:64 | go.mod require line | github.com/facebookgo/clock | v0.0.0-20150410010913-600d898af40a | github.com/facebookgo/clock | v0.0.0-20150410010913-600d898af40a |
| fabric-snaps/go.mod:8:2:8:42 | go.mod require line | github.com/fsouza/go-dockerclient | v1.3.0 | github.com/fsouza/go-dockerclient | v1.3.0 |
| fabric-snaps/go.mod:9:2:9:30 | go.mod require line | github.com/go-kit/kit | v0.7.0 | github.com/go-kit/kit | v0.7.0 |
| fabric-snaps/go.mod:10:2:10:36 | go.mod require line | github.com/go-logfmt/logfmt | v0.4.0 | github.com/go-logfmt/logfmt | v0.3.0 |
| fabric-snaps/go.mod:11:2:11:35 | go.mod require line | github.com/golang/protobuf | v1.2.0 | github.com/golang/protobuf | v1.2.0 |
| fabric-snaps/go.mod:12:2:12:82 | go.mod require line | github.com/google/certificate-transparency-go | v0.0.0-20180219093839-391726f8973d | github.com/google/certificate-transparency-go | v0.0.0-20180219093839-391726f8973d |
| fabric-snaps/go.mod:13:2:13:38 | go.mod require line | github.com/hyperledger/fabric | v1.4.0 | github.com/securekey/fabric-next | v0.0.0-20190216163058-9e08161f2597 |
| fabric-snaps/go.mod:14:2:14:73 | go.mod require line | github.com/hyperledger/fabric-sdk-go | v0.0.0-20190125204638-b490519efff9 | github.com/hyperledger/fabric-sdk-go | v0.0.0-20190125204638-b490519efff9 |
| fabric-snaps/go.mod:15:2:15:31 | go.mod require line | github.com/onsi/gomega | v1.5.0 | github.com/onsi/gomega | v1.4.2 |
| fabric-snaps/go.mod:16:2:16:61 | go.mod require line | github.com/op/go-logging | v0.0.0-20160315200505-970db520ece7 | github.com/op/go-logging | v0.0.0-20160315200505-970db520ece7 |
| fabric-snaps/go.mod:17:2:17:30 | go.mod require line | github.com/pkg/errors | v0.8.1 | github.com/pkg/errors | v0.8.0 |
| fabric-snaps/go.mod:18:2:18:54 | go.mod require line | github.com/rs/xid | v0.0.0-20170604230408-02dd45c33376 | github.com/rs/xid | v0.0.0-20170604230408-02dd45c33376 |
| fabric-snaps/go.mod:19:2:19:72 | go.mod require line | github.com/securekey/fabric-snaps/membershipsnap/pkg/membership | v0.0.0 | ./membershipsnap/pkg/membership | unknown |
| fabric-snaps/go.mod:20:2:20:56 | go.mod require line | github.com/securekey/fabric-snaps/util/rolesmgr | v0.4.0 | ./util/rolesmgr | unknown |
| fabric-snaps/go.mod:21:2:21:56 | go.mod require line | github.com/securekey/fabric-snaps/util/statemgr | v0.4.0 | ./util/statemgr | unknown |
| fabric-snaps/go.mod:22:2:22:31 | go.mod require line | github.com/spf13/cobra | v0.0.3 | github.com/spf13/cobra | v0.0.3 |
| fabric-snaps/go.mod:23:2:23:31 | go.mod require line | github.com/spf13/pflag | v1.0.3 | github.com/spf13/pflag | v1.0.3 |
| fabric-snaps/go.mod:24:2:24:59 | go.mod require line | github.com/spf13/viper | v0.0.0-20171227194143-aafc9e6bc7b7 | github.com/spf13/viper | v0.0.0-20171227194143-aafc9e6bc7b7 |
| fabric-snaps/go.mod:25:2:25:36 | go.mod require line | github.com/stretchr/testify | v1.3.0 | github.com/stretchr/testify | v1.2.2 |
| fabric-snaps/go.mod:26:2:26:46 | go.mod require line | github.com/uber-go/tally | v3.3.2+incompatible | github.com/uber-go/tally | v3.3.2+incompatible |
| fabric-snaps/go.mod:27:2:27:69 | go.mod require line | github.com/xeipuuv/gojsonpointer | v0.0.0-20170225233418-6fe8760cad35 | github.com/xeipuuv/gojsonpointer | v0.0.0-20170225233418-6fe8760cad35 |
| fabric-snaps/go.mod:28:2:28:71 | go.mod require line | github.com/xeipuuv/gojsonreference | v0.0.0-20150808065054-e02fc20de94c | github.com/xeipuuv/gojsonreference | v0.0.0-20150808065054-e02fc20de94c |
| fabric-snaps/go.mod:29:2:29:68 | go.mod require line | github.com/xeipuuv/gojsonschema | v0.0.0-20170528113821-0c8571ac0ce1 | github.com/xeipuuv/gojsonschema | v0.0.0-20170528113821-0c8571ac0ce1 |
| fabric-snaps/go.mod:30:2:30:56 | go.mod require line | golang.org/x/crypto | v0.0.0-20181001203147-e3636079e1a4 | golang.org/x/crypto | v0.0.0-20180827131323-e3636079e1a4 |
| fabric-snaps/go.mod:31:2:31:53 | go.mod require line | golang.org/x/net | v0.0.0-20181003013248-f5e5bdd77824 | golang.org/x/net | v0.0.0-20181003013248-f5e5bdd77824 |
| fabric-snaps/go.mod:32:2:32:55 | go.mod require line | golang.org/x/tools | v0.0.0-20181026183834-f60e5f99f081 | golang.org/x/tools | v0.0.0-20181026183834-f60e5f99f081 |
| fabric-snaps/go.mod:33:2:33:32 | go.mod require line | google.golang.org/grpc | v1.17.0 | google.golang.org/grpc | v1.15.0 |
| hrm-profile-tool/go.mod:4:2:4:61 | go.mod require line | github.com/ajstarks/svgo | v0.0.0-20180830174826-7338bd80e790 | github.com/ajstarks/svgo | v0.0.0-20180830174826-7338bd80e790 |
| hrm-profile-tool/go.mod:5:2:5:48 | go.mod require line | github.com/clj/hrm-profile-tool/cmd/hrm | v0.0.0 | ./cmd/hrm | unknown |
| hrm-profile-tool/go.mod:6:2:6:53 | go.mod require line | github.com/clj/hrm-profile-tool/instructions | v0.0.0 | ./instructions | unknown |
| hrm-profile-tool/go.mod:7:2:7:48 | go.mod require line | github.com/clj/hrm-profile-tool/profile | v0.0.0 | ./profile | unknown |
| hrm-profile-tool/go.mod:8:2:8:47 | go.mod require line | github.com/clj/hrm-profile-tool/render | v0.0.0 | ./render | unknown |
| sweb/go.mod:40:2:40:30 | go.mod require line | github.com/Joker/jade | v1.0.0 | github.com/Joker/jade | v1.0.0 |
| sweb/go.mod:41:2:41:66 | go.mod require line | github.com/Shopify/goreferrer | v0.0.0-20181106222321-ec9c9a553398 | github.com/Shopify/goreferrer | v0.0.0-20181106222321-ec9c9a553398 |
| sweb/go.mod:42:2:42:49 | go.mod require line | github.com/aymerick/raymond | v2.0.2+incompatible | github.com/aymerick/raymond | v2.0.2+incompatible |
| sweb/go.mod:43:2:43:59 | go.mod require line | github.com/eknkc/amber | v0.0.0-20171010120322-cdade1c07385 | github.com/eknkc/amber | v0.0.0-20171010120322-cdade1c07385 |
| sweb/go.mod:44:2:44:33 | go.mod require line | github.com/fatih/structs | v1.1.0 | github.com/fatih/structs | v1.1.0 |
| sweb/go.mod:45:2:45:61 | go.mod require line | github.com/flosch/pongo2 | v0.0.0-20190707114632-bbf5a6c351f4 | github.com/flosch/pongo2 | v0.0.0-20190707114632-bbf5a6c351f4 |
| sweb/go.mod:46:2:46:57 | go.mod require line | github.com/iris-contrib/blackfriday | v2.0.0+incompatible | github.com/iris-contrib/blackfriday | v2.0.0+incompatible |
| sweb/go.mod:47:2:47:71 | go.mod require line | github.com/iris-contrib/formBinder | v0.0.0-20190104093907-fbd5963f41e1 | github.com/iris-contrib/formBinder | v0.0.0-20190104093907-fbd5963f41e1 |
| sweb/go.mod:48:2:48:53 | go.mod require line | github.com/iris-contrib/go.uuid | v2.0.0+incompatible | github.com/iris-contrib/go.uuid | v2.0.0+incompatible |
| sweb/go.mod:49:2:49:36 | go.mod require line | github.com/json-iterator/go | v1.1.6 | github.com/json-iterator/go | v1.1.6 |
| sweb/go.mod:50:2:50:61 | go.mod require line | github.com/kataras/golog | v0.0.0-20190624001437-99c81de45f40 | github.com/kataras/golog | v0.0.0-20190624001437-99c81de45f40 |
| sweb/go.mod:51:2:51:46 | go.mod require line | github.com/kataras/iris | v11.1.1+incompatible | github.com/kataras/iris | v11.1.1+incompatible |
| sweb/go.mod:52:2:52:59 | go.mod require line | github.com/kataras/pio | v0.0.0-20190103105442-ea782b38602d | github.com/kataras/pio | v0.0.0-20190103105442-ea782b38602d |
| sweb/go.mod:53:2:53:38 | go.mod require line | github.com/klauspost/compress | v1.7.2 | github.com/klauspost/compress | v1.7.2 |
| sweb/go.mod:54:2:54:35 | go.mod require line | github.com/klauspost/cpuid | v1.2.1 | github.com/klauspost/cpuid | v1.2.1 |
| sweb/go.mod:55:2:55:43 | go.mod require line | github.com/microcosm-cc/bluemonday | v1.0.2 | github.com/microcosm-cc/bluemonday | v1.0.2 |
| sweb/go.mod:56:2:56:40 | go.mod require line | github.com/mitchellh/go-homedir | v1.1.0 | github.com/mitchellh/go-homedir | v1.1.0 |
| sweb/go.mod:57:2:57:68 | go.mod require line | github.com/modern-go/concurrent | v0.0.0-20180306012644-bacd9c7ef1dd | github.com/modern-go/concurrent | v0.0.0-20180306012644-bacd9c7ef1dd |
| sweb/go.mod:58:2:58:38 | go.mod require line | github.com/modern-go/reflect2 | v1.0.1 | github.com/modern-go/reflect2 | v1.0.1 |
| sweb/go.mod:59:2:59:51 | go.mod require line | github.com/ryanuber/columnize | v2.1.0+incompatible | github.com/ryanuber/columnize | v2.1.0+incompatible |
| sweb/go.mod:60:2:60:50 | go.mod require line | github.com/shurcooL/sanitized_anchor_name | v1.0.0 | github.com/shurcooL/sanitized_anchor_name | v1.0.0 |
| sweb/go.mod:61:2:61:31 | go.mod require line | github.com/spf13/cobra | v0.0.5 | github.com/spf13/cobra | v0.0.5 |
| sweb/go.mod:62:2:62:31 | go.mod require line | github.com/spf13/viper | v1.4.0 | github.com/spf13/viper | v1.4.0 |
