edges
| CookieWithoutHttpOnly.go:11:7:14:2 | struct literal : Cookie | CookieWithoutHttpOnly.go:15:20:15:21 | &... |
| CookieWithoutHttpOnly.go:11:7:14:2 | struct literal : Cookie | CookieWithoutHttpOnly.go:15:20:15:21 | &... : pointer type |
| CookieWithoutHttpOnly.go:15:20:15:21 | &... : pointer type | CookieWithoutHttpOnly.go:15:20:15:21 | &... |
| CookieWithoutHttpOnly.go:15:20:15:21 | &... : pointer type | CookieWithoutHttpOnly.go:15:20:15:21 | &... : pointer type |
| CookieWithoutHttpOnly.go:19:7:23:2 | struct literal : Cookie | CookieWithoutHttpOnly.go:24:20:24:21 | &... |
| CookieWithoutHttpOnly.go:19:7:23:2 | struct literal : Cookie | CookieWithoutHttpOnly.go:24:20:24:21 | &... : pointer type |
| CookieWithoutHttpOnly.go:22:13:22:17 | false : bool | CookieWithoutHttpOnly.go:24:20:24:21 | &... |
| CookieWithoutHttpOnly.go:22:13:22:17 | false : bool | CookieWithoutHttpOnly.go:24:20:24:21 | &... : pointer type |
| CookieWithoutHttpOnly.go:24:20:24:21 | &... : pointer type | CookieWithoutHttpOnly.go:24:20:24:21 | &... |
| CookieWithoutHttpOnly.go:24:20:24:21 | &... : pointer type | CookieWithoutHttpOnly.go:24:20:24:21 | &... |
| CookieWithoutHttpOnly.go:24:20:24:21 | &... : pointer type | CookieWithoutHttpOnly.go:24:20:24:21 | &... : pointer type |
| CookieWithoutHttpOnly.go:24:20:24:21 | &... : pointer type | CookieWithoutHttpOnly.go:24:20:24:21 | &... : pointer type |
| CookieWithoutHttpOnly.go:28:7:32:2 | struct literal : Cookie | CookieWithoutHttpOnly.go:33:20:33:21 | &... |
| CookieWithoutHttpOnly.go:28:7:32:2 | struct literal : Cookie | CookieWithoutHttpOnly.go:33:20:33:21 | &... : pointer type |
| CookieWithoutHttpOnly.go:33:20:33:21 | &... : pointer type | CookieWithoutHttpOnly.go:33:20:33:21 | &... |
| CookieWithoutHttpOnly.go:33:20:33:21 | &... : pointer type | CookieWithoutHttpOnly.go:33:20:33:21 | &... : pointer type |
| CookieWithoutHttpOnly.go:37:7:40:2 | struct literal : Cookie | CookieWithoutHttpOnly.go:42:20:42:21 | &... |
| CookieWithoutHttpOnly.go:37:7:40:2 | struct literal : Cookie | CookieWithoutHttpOnly.go:42:20:42:21 | &... : pointer type |
| CookieWithoutHttpOnly.go:42:20:42:21 | &... : pointer type | CookieWithoutHttpOnly.go:42:20:42:21 | &... |
| CookieWithoutHttpOnly.go:42:20:42:21 | &... : pointer type | CookieWithoutHttpOnly.go:42:20:42:21 | &... : pointer type |
| CookieWithoutHttpOnly.go:46:7:49:2 | struct literal : Cookie | CookieWithoutHttpOnly.go:51:20:51:21 | &... |
| CookieWithoutHttpOnly.go:46:7:49:2 | struct literal : Cookie | CookieWithoutHttpOnly.go:51:20:51:21 | &... : pointer type |
| CookieWithoutHttpOnly.go:50:15:50:19 | false : bool | CookieWithoutHttpOnly.go:51:20:51:21 | &... |
| CookieWithoutHttpOnly.go:50:15:50:19 | false : bool | CookieWithoutHttpOnly.go:51:20:51:21 | &... : pointer type |
| CookieWithoutHttpOnly.go:51:20:51:21 | &... : pointer type | CookieWithoutHttpOnly.go:51:20:51:21 | &... |
| CookieWithoutHttpOnly.go:51:20:51:21 | &... : pointer type | CookieWithoutHttpOnly.go:51:20:51:21 | &... |
| CookieWithoutHttpOnly.go:51:20:51:21 | &... : pointer type | CookieWithoutHttpOnly.go:51:20:51:21 | &... : pointer type |
| CookieWithoutHttpOnly.go:51:20:51:21 | &... : pointer type | CookieWithoutHttpOnly.go:51:20:51:21 | &... : pointer type |
| CookieWithoutHttpOnly.go:55:9:55:13 | false : bool | CookieWithoutHttpOnly.go:61:20:61:21 | &... |
| CookieWithoutHttpOnly.go:55:9:55:13 | false : bool | CookieWithoutHttpOnly.go:61:20:61:21 | &... : pointer type |
| CookieWithoutHttpOnly.go:56:7:60:2 | struct literal : Cookie | CookieWithoutHttpOnly.go:61:20:61:21 | &... |
| CookieWithoutHttpOnly.go:56:7:60:2 | struct literal : Cookie | CookieWithoutHttpOnly.go:61:20:61:21 | &... : pointer type |
| CookieWithoutHttpOnly.go:61:20:61:21 | &... : pointer type | CookieWithoutHttpOnly.go:61:20:61:21 | &... |
| CookieWithoutHttpOnly.go:61:20:61:21 | &... : pointer type | CookieWithoutHttpOnly.go:61:20:61:21 | &... |
| CookieWithoutHttpOnly.go:61:20:61:21 | &... : pointer type | CookieWithoutHttpOnly.go:61:20:61:21 | &... : pointer type |
| CookieWithoutHttpOnly.go:61:20:61:21 | &... : pointer type | CookieWithoutHttpOnly.go:61:20:61:21 | &... : pointer type |
| CookieWithoutHttpOnly.go:66:7:70:2 | struct literal : Cookie | CookieWithoutHttpOnly.go:71:20:71:21 | &... |
| CookieWithoutHttpOnly.go:66:7:70:2 | struct literal : Cookie | CookieWithoutHttpOnly.go:71:20:71:21 | &... : pointer type |
| CookieWithoutHttpOnly.go:71:20:71:21 | &... : pointer type | CookieWithoutHttpOnly.go:71:20:71:21 | &... |
| CookieWithoutHttpOnly.go:71:20:71:21 | &... : pointer type | CookieWithoutHttpOnly.go:71:20:71:21 | &... : pointer type |
| CookieWithoutHttpOnly.go:76:7:79:2 | struct literal : Cookie | CookieWithoutHttpOnly.go:81:20:81:21 | &... |
| CookieWithoutHttpOnly.go:76:7:79:2 | struct literal : Cookie | CookieWithoutHttpOnly.go:81:20:81:21 | &... : pointer type |
| CookieWithoutHttpOnly.go:81:20:81:21 | &... : pointer type | CookieWithoutHttpOnly.go:81:20:81:21 | &... |
| CookieWithoutHttpOnly.go:81:20:81:21 | &... : pointer type | CookieWithoutHttpOnly.go:81:20:81:21 | &... : pointer type |
| CookieWithoutHttpOnly.go:85:9:85:13 | false : bool | CookieWithoutHttpOnly.go:91:20:91:21 | &... |
| CookieWithoutHttpOnly.go:85:9:85:13 | false : bool | CookieWithoutHttpOnly.go:91:20:91:21 | &... : pointer type |
| CookieWithoutHttpOnly.go:86:7:89:2 | struct literal : Cookie | CookieWithoutHttpOnly.go:91:20:91:21 | &... |
| CookieWithoutHttpOnly.go:86:7:89:2 | struct literal : Cookie | CookieWithoutHttpOnly.go:91:20:91:21 | &... : pointer type |
| CookieWithoutHttpOnly.go:91:20:91:21 | &... : pointer type | CookieWithoutHttpOnly.go:91:20:91:21 | &... |
| CookieWithoutHttpOnly.go:91:20:91:21 | &... : pointer type | CookieWithoutHttpOnly.go:91:20:91:21 | &... |
| CookieWithoutHttpOnly.go:91:20:91:21 | &... : pointer type | CookieWithoutHttpOnly.go:91:20:91:21 | &... : pointer type |
| CookieWithoutHttpOnly.go:91:20:91:21 | &... : pointer type | CookieWithoutHttpOnly.go:91:20:91:21 | &... : pointer type |
| CookieWithoutHttpOnly.go:99:15:99:19 | false : bool | CookieWithoutHttpOnly.go:100:20:100:21 | &... |
| CookieWithoutHttpOnly.go:99:15:99:19 | false : bool | CookieWithoutHttpOnly.go:100:20:100:21 | &... : pointer type |
| CookieWithoutHttpOnly.go:100:20:100:21 | &... : pointer type | CookieWithoutHttpOnly.go:100:20:100:21 | &... |
| CookieWithoutHttpOnly.go:100:20:100:21 | &... : pointer type | CookieWithoutHttpOnly.go:100:20:100:21 | &... : pointer type |
| CookieWithoutHttpOnly.go:105:7:108:2 | struct literal : Cookie | CookieWithoutHttpOnly.go:110:20:110:21 | &... |
| CookieWithoutHttpOnly.go:105:7:108:2 | struct literal : Cookie | CookieWithoutHttpOnly.go:110:20:110:21 | &... : pointer type |
| CookieWithoutHttpOnly.go:109:15:109:19 | false : bool | CookieWithoutHttpOnly.go:110:20:110:21 | &... |
| CookieWithoutHttpOnly.go:109:15:109:19 | false : bool | CookieWithoutHttpOnly.go:110:20:110:21 | &... : pointer type |
| CookieWithoutHttpOnly.go:110:20:110:21 | &... : pointer type | CookieWithoutHttpOnly.go:110:20:110:21 | &... |
| CookieWithoutHttpOnly.go:110:20:110:21 | &... : pointer type | CookieWithoutHttpOnly.go:110:20:110:21 | &... |
| CookieWithoutHttpOnly.go:110:20:110:21 | &... : pointer type | CookieWithoutHttpOnly.go:110:20:110:21 | &... : pointer type |
| CookieWithoutHttpOnly.go:110:20:110:21 | &... : pointer type | CookieWithoutHttpOnly.go:110:20:110:21 | &... : pointer type |
| CookieWithoutHttpOnly.go:115:7:118:2 | struct literal : Cookie | CookieWithoutHttpOnly.go:120:20:120:21 | &... |
| CookieWithoutHttpOnly.go:115:7:118:2 | struct literal : Cookie | CookieWithoutHttpOnly.go:120:20:120:21 | &... : pointer type |
| CookieWithoutHttpOnly.go:119:15:119:19 | false : bool | CookieWithoutHttpOnly.go:120:20:120:21 | &... |
| CookieWithoutHttpOnly.go:119:15:119:19 | false : bool | CookieWithoutHttpOnly.go:120:20:120:21 | &... : pointer type |
| CookieWithoutHttpOnly.go:120:20:120:21 | &... : pointer type | CookieWithoutHttpOnly.go:120:20:120:21 | &... |
| CookieWithoutHttpOnly.go:120:20:120:21 | &... : pointer type | CookieWithoutHttpOnly.go:120:20:120:21 | &... |
| CookieWithoutHttpOnly.go:120:20:120:21 | &... : pointer type | CookieWithoutHttpOnly.go:120:20:120:21 | &... : pointer type |
| CookieWithoutHttpOnly.go:120:20:120:21 | &... : pointer type | CookieWithoutHttpOnly.go:120:20:120:21 | &... : pointer type |
| CookieWithoutHttpOnly.go:123:13:123:49 | call to NewCookieStore : pointer type | CookieWithoutHttpOnly.go:126:16:126:20 | store : pointer type |
| CookieWithoutHttpOnly.go:123:13:123:49 | call to NewCookieStore : pointer type | CookieWithoutHttpOnly.go:134:16:134:20 | store : pointer type |
| CookieWithoutHttpOnly.go:123:13:123:49 | call to NewCookieStore : pointer type | CookieWithoutHttpOnly.go:146:16:146:20 | store : pointer type |
| CookieWithoutHttpOnly.go:123:13:123:49 | call to NewCookieStore : pointer type | CookieWithoutHttpOnly.go:158:16:158:20 | store : pointer type |
| CookieWithoutHttpOnly.go:123:13:123:49 | call to NewCookieStore : pointer type | CookieWithoutHttpOnly.go:170:16:170:20 | store : pointer type |
| CookieWithoutHttpOnly.go:126:16:126:20 | store : pointer type | CookieWithoutHttpOnly.go:129:2:129:8 | session |
| CookieWithoutHttpOnly.go:133:14:133:18 | false : bool | CookieWithoutHttpOnly.go:135:2:135:8 | implicit dereference : Session |
| CookieWithoutHttpOnly.go:133:14:133:18 | false : bool | CookieWithoutHttpOnly.go:137:2:137:8 | implicit dereference : Session |
| CookieWithoutHttpOnly.go:133:14:133:18 | false : bool | CookieWithoutHttpOnly.go:142:2:142:8 | session |
| CookieWithoutHttpOnly.go:134:2:134:8 | definition of session [pointer] : Session | CookieWithoutHttpOnly.go:135:2:135:8 | session [pointer] : Session |
| CookieWithoutHttpOnly.go:134:2:134:8 | definition of session [pointer] : Session | CookieWithoutHttpOnly.go:135:2:135:8 | session [pointer] : Session |
| CookieWithoutHttpOnly.go:134:2:134:8 | definition of session [pointer] : Session | CookieWithoutHttpOnly.go:137:2:137:8 | session [pointer] : Session |
| CookieWithoutHttpOnly.go:134:2:134:8 | definition of session [pointer] : Session | CookieWithoutHttpOnly.go:137:2:137:8 | session [pointer] : Session |
| CookieWithoutHttpOnly.go:134:16:134:20 | store : pointer type | CookieWithoutHttpOnly.go:142:2:142:8 | session |
| CookieWithoutHttpOnly.go:135:2:135:8 | implicit dereference : Session | CookieWithoutHttpOnly.go:134:2:134:8 | definition of session [pointer] : Session |
| CookieWithoutHttpOnly.go:135:2:135:8 | implicit dereference : Session | CookieWithoutHttpOnly.go:134:2:134:8 | definition of session [pointer] : Session |
| CookieWithoutHttpOnly.go:135:2:135:8 | implicit dereference : Session | CookieWithoutHttpOnly.go:135:2:135:8 | implicit dereference : Session |
| CookieWithoutHttpOnly.go:135:2:135:8 | implicit dereference : Session | CookieWithoutHttpOnly.go:135:2:135:8 | implicit dereference : Session |
| CookieWithoutHttpOnly.go:135:2:135:8 | implicit dereference : Session | CookieWithoutHttpOnly.go:137:2:137:8 | implicit dereference : Session |
| CookieWithoutHttpOnly.go:135:2:135:8 | implicit dereference : Session | CookieWithoutHttpOnly.go:137:2:137:8 | implicit dereference : Session |
| CookieWithoutHttpOnly.go:135:2:135:8 | implicit dereference : Session | CookieWithoutHttpOnly.go:142:2:142:8 | session |
| CookieWithoutHttpOnly.go:135:2:135:8 | implicit dereference : Session | CookieWithoutHttpOnly.go:142:2:142:8 | session |
| CookieWithoutHttpOnly.go:135:2:135:8 | session [pointer] : Session | CookieWithoutHttpOnly.go:135:2:135:8 | implicit dereference : Session |
| CookieWithoutHttpOnly.go:135:2:135:8 | session [pointer] : Session | CookieWithoutHttpOnly.go:135:2:135:8 | implicit dereference : Session |
| CookieWithoutHttpOnly.go:137:2:137:8 | implicit dereference : Session | CookieWithoutHttpOnly.go:134:2:134:8 | definition of session [pointer] : Session |
| CookieWithoutHttpOnly.go:137:2:137:8 | implicit dereference : Session | CookieWithoutHttpOnly.go:134:2:134:8 | definition of session [pointer] : Session |
| CookieWithoutHttpOnly.go:137:2:137:8 | implicit dereference : Session | CookieWithoutHttpOnly.go:135:2:135:8 | implicit dereference : Session |
| CookieWithoutHttpOnly.go:137:2:137:8 | implicit dereference : Session | CookieWithoutHttpOnly.go:135:2:135:8 | implicit dereference : Session |
| CookieWithoutHttpOnly.go:137:2:137:8 | implicit dereference : Session | CookieWithoutHttpOnly.go:137:2:137:8 | implicit dereference : Session |
| CookieWithoutHttpOnly.go:137:2:137:8 | implicit dereference : Session | CookieWithoutHttpOnly.go:137:2:137:8 | implicit dereference : Session |
| CookieWithoutHttpOnly.go:137:2:137:8 | implicit dereference : Session | CookieWithoutHttpOnly.go:142:2:142:8 | session |
| CookieWithoutHttpOnly.go:137:2:137:8 | implicit dereference : Session | CookieWithoutHttpOnly.go:142:2:142:8 | session |
| CookieWithoutHttpOnly.go:137:2:137:8 | session [pointer] : Session | CookieWithoutHttpOnly.go:137:2:137:8 | implicit dereference : Session |
| CookieWithoutHttpOnly.go:137:2:137:8 | session [pointer] : Session | CookieWithoutHttpOnly.go:137:2:137:8 | implicit dereference : Session |
| CookieWithoutHttpOnly.go:137:21:140:2 | struct literal : Options | CookieWithoutHttpOnly.go:135:2:135:8 | implicit dereference : Session |
| CookieWithoutHttpOnly.go:137:21:140:2 | struct literal : Options | CookieWithoutHttpOnly.go:137:2:137:8 | implicit dereference : Session |
| CookieWithoutHttpOnly.go:137:21:140:2 | struct literal : Options | CookieWithoutHttpOnly.go:142:2:142:8 | session |
| CookieWithoutHttpOnly.go:146:2:146:8 | definition of session [pointer] : Session | CookieWithoutHttpOnly.go:147:2:147:8 | session [pointer] : Session |
| CookieWithoutHttpOnly.go:146:2:146:8 | definition of session [pointer] : Session | CookieWithoutHttpOnly.go:149:2:149:8 | session [pointer] : Session |
| CookieWithoutHttpOnly.go:146:16:146:20 | store : pointer type | CookieWithoutHttpOnly.go:153:2:153:8 | session |
| CookieWithoutHttpOnly.go:147:2:147:8 | implicit dereference : Session | CookieWithoutHttpOnly.go:146:2:146:8 | definition of session [pointer] : Session |
| CookieWithoutHttpOnly.go:147:2:147:8 | implicit dereference : Session | CookieWithoutHttpOnly.go:147:2:147:8 | implicit dereference : Session |
| CookieWithoutHttpOnly.go:147:2:147:8 | implicit dereference : Session | CookieWithoutHttpOnly.go:149:2:149:8 | implicit dereference : Session |
| CookieWithoutHttpOnly.go:147:2:147:8 | implicit dereference : Session | CookieWithoutHttpOnly.go:153:2:153:8 | session |
| CookieWithoutHttpOnly.go:147:2:147:8 | session [pointer] : Session | CookieWithoutHttpOnly.go:147:2:147:8 | implicit dereference : Session |
| CookieWithoutHttpOnly.go:149:2:149:8 | implicit dereference : Session | CookieWithoutHttpOnly.go:146:2:146:8 | definition of session [pointer] : Session |
| CookieWithoutHttpOnly.go:149:2:149:8 | implicit dereference : Session | CookieWithoutHttpOnly.go:147:2:147:8 | implicit dereference : Session |
| CookieWithoutHttpOnly.go:149:2:149:8 | implicit dereference : Session | CookieWithoutHttpOnly.go:149:2:149:8 | implicit dereference : Session |
| CookieWithoutHttpOnly.go:149:2:149:8 | implicit dereference : Session | CookieWithoutHttpOnly.go:153:2:153:8 | session |
| CookieWithoutHttpOnly.go:149:2:149:8 | session [pointer] : Session | CookieWithoutHttpOnly.go:149:2:149:8 | implicit dereference : Session |
| CookieWithoutHttpOnly.go:149:21:151:2 | struct literal : Options | CookieWithoutHttpOnly.go:147:2:147:8 | implicit dereference : Session |
| CookieWithoutHttpOnly.go:149:21:151:2 | struct literal : Options | CookieWithoutHttpOnly.go:149:2:149:8 | implicit dereference : Session |
| CookieWithoutHttpOnly.go:149:21:151:2 | struct literal : Options | CookieWithoutHttpOnly.go:153:2:153:8 | session |
| CookieWithoutHttpOnly.go:158:2:158:8 | definition of session [pointer] : Session | CookieWithoutHttpOnly.go:159:2:159:8 | session [pointer] : Session |
| CookieWithoutHttpOnly.go:158:2:158:8 | definition of session [pointer] : Session | CookieWithoutHttpOnly.go:161:2:161:8 | session [pointer] : Session |
| CookieWithoutHttpOnly.go:158:16:158:20 | store : pointer type | CookieWithoutHttpOnly.go:166:2:166:8 | session |
| CookieWithoutHttpOnly.go:159:2:159:8 | implicit dereference : Session | CookieWithoutHttpOnly.go:158:2:158:8 | definition of session [pointer] : Session |
| CookieWithoutHttpOnly.go:159:2:159:8 | implicit dereference : Session | CookieWithoutHttpOnly.go:159:2:159:8 | implicit dereference : Session |
| CookieWithoutHttpOnly.go:159:2:159:8 | implicit dereference : Session | CookieWithoutHttpOnly.go:161:2:161:8 | implicit dereference : Session |
| CookieWithoutHttpOnly.go:159:2:159:8 | implicit dereference : Session | CookieWithoutHttpOnly.go:166:2:166:8 | session |
| CookieWithoutHttpOnly.go:159:2:159:8 | session [pointer] : Session | CookieWithoutHttpOnly.go:159:2:159:8 | implicit dereference : Session |
| CookieWithoutHttpOnly.go:161:2:161:8 | implicit dereference : Session | CookieWithoutHttpOnly.go:158:2:158:8 | definition of session [pointer] : Session |
| CookieWithoutHttpOnly.go:161:2:161:8 | implicit dereference : Session | CookieWithoutHttpOnly.go:159:2:159:8 | implicit dereference : Session |
| CookieWithoutHttpOnly.go:161:2:161:8 | implicit dereference : Session | CookieWithoutHttpOnly.go:161:2:161:8 | implicit dereference : Session |
| CookieWithoutHttpOnly.go:161:2:161:8 | implicit dereference : Session | CookieWithoutHttpOnly.go:166:2:166:8 | session |
| CookieWithoutHttpOnly.go:161:2:161:8 | session [pointer] : Session | CookieWithoutHttpOnly.go:161:2:161:8 | implicit dereference : Session |
| CookieWithoutHttpOnly.go:161:21:164:2 | struct literal : Options | CookieWithoutHttpOnly.go:159:2:159:8 | implicit dereference : Session |
| CookieWithoutHttpOnly.go:161:21:164:2 | struct literal : Options | CookieWithoutHttpOnly.go:161:2:161:8 | implicit dereference : Session |
| CookieWithoutHttpOnly.go:161:21:164:2 | struct literal : Options | CookieWithoutHttpOnly.go:166:2:166:8 | session |
| CookieWithoutHttpOnly.go:170:2:170:8 | definition of session [pointer] : Session | CookieWithoutHttpOnly.go:171:2:171:8 | session [pointer] : Session |
| CookieWithoutHttpOnly.go:170:2:170:8 | definition of session [pointer] : Session | CookieWithoutHttpOnly.go:173:2:173:8 | session [pointer] : Session |
| CookieWithoutHttpOnly.go:170:16:170:20 | store : pointer type | CookieWithoutHttpOnly.go:178:2:178:8 | session |
| CookieWithoutHttpOnly.go:171:2:171:8 | implicit dereference : Session | CookieWithoutHttpOnly.go:170:2:170:8 | definition of session [pointer] : Session |
| CookieWithoutHttpOnly.go:171:2:171:8 | implicit dereference : Session | CookieWithoutHttpOnly.go:171:2:171:8 | implicit dereference : Session |
| CookieWithoutHttpOnly.go:171:2:171:8 | implicit dereference : Session | CookieWithoutHttpOnly.go:173:2:173:8 | implicit dereference : Session |
| CookieWithoutHttpOnly.go:171:2:171:8 | implicit dereference : Session | CookieWithoutHttpOnly.go:178:2:178:8 | session |
| CookieWithoutHttpOnly.go:171:2:171:8 | session [pointer] : Session | CookieWithoutHttpOnly.go:171:2:171:8 | implicit dereference : Session |
| CookieWithoutHttpOnly.go:173:2:173:8 | implicit dereference : Session | CookieWithoutHttpOnly.go:170:2:170:8 | definition of session [pointer] : Session |
| CookieWithoutHttpOnly.go:173:2:173:8 | implicit dereference : Session | CookieWithoutHttpOnly.go:171:2:171:8 | implicit dereference : Session |
| CookieWithoutHttpOnly.go:173:2:173:8 | implicit dereference : Session | CookieWithoutHttpOnly.go:173:2:173:8 | implicit dereference : Session |
| CookieWithoutHttpOnly.go:173:2:173:8 | implicit dereference : Session | CookieWithoutHttpOnly.go:178:2:178:8 | session |
| CookieWithoutHttpOnly.go:173:2:173:8 | session [pointer] : Session | CookieWithoutHttpOnly.go:173:2:173:8 | implicit dereference : Session |
| CookieWithoutHttpOnly.go:173:21:176:2 | struct literal : Options | CookieWithoutHttpOnly.go:171:2:171:8 | implicit dereference : Session |
| CookieWithoutHttpOnly.go:173:21:176:2 | struct literal : Options | CookieWithoutHttpOnly.go:173:2:173:8 | implicit dereference : Session |
| CookieWithoutHttpOnly.go:173:21:176:2 | struct literal : Options | CookieWithoutHttpOnly.go:178:2:178:8 | session |
nodes
| CookieWithoutHttpOnly.go:11:7:14:2 | struct literal : Cookie | semmle.label | struct literal : Cookie |
| CookieWithoutHttpOnly.go:15:20:15:21 | &... | semmle.label | &... |
| CookieWithoutHttpOnly.go:15:20:15:21 | &... : pointer type | semmle.label | &... : pointer type |
| CookieWithoutHttpOnly.go:19:7:23:2 | struct literal : Cookie | semmle.label | struct literal : Cookie |
| CookieWithoutHttpOnly.go:22:13:22:17 | false : bool | semmle.label | false : bool |
| CookieWithoutHttpOnly.go:24:20:24:21 | &... | semmle.label | &... |
| CookieWithoutHttpOnly.go:24:20:24:21 | &... | semmle.label | &... |
| CookieWithoutHttpOnly.go:24:20:24:21 | &... : pointer type | semmle.label | &... : pointer type |
| CookieWithoutHttpOnly.go:24:20:24:21 | &... : pointer type | semmle.label | &... : pointer type |
| CookieWithoutHttpOnly.go:28:7:32:2 | struct literal : Cookie | semmle.label | struct literal : Cookie |
| CookieWithoutHttpOnly.go:33:20:33:21 | &... | semmle.label | &... |
| CookieWithoutHttpOnly.go:33:20:33:21 | &... : pointer type | semmle.label | &... : pointer type |
| CookieWithoutHttpOnly.go:37:7:40:2 | struct literal : Cookie | semmle.label | struct literal : Cookie |
| CookieWithoutHttpOnly.go:42:20:42:21 | &... | semmle.label | &... |
| CookieWithoutHttpOnly.go:42:20:42:21 | &... : pointer type | semmle.label | &... : pointer type |
| CookieWithoutHttpOnly.go:46:7:49:2 | struct literal : Cookie | semmle.label | struct literal : Cookie |
| CookieWithoutHttpOnly.go:50:15:50:19 | false : bool | semmle.label | false : bool |
| CookieWithoutHttpOnly.go:51:20:51:21 | &... | semmle.label | &... |
| CookieWithoutHttpOnly.go:51:20:51:21 | &... | semmle.label | &... |
| CookieWithoutHttpOnly.go:51:20:51:21 | &... : pointer type | semmle.label | &... : pointer type |
| CookieWithoutHttpOnly.go:51:20:51:21 | &... : pointer type | semmle.label | &... : pointer type |
| CookieWithoutHttpOnly.go:55:9:55:13 | false : bool | semmle.label | false : bool |
| CookieWithoutHttpOnly.go:56:7:60:2 | struct literal : Cookie | semmle.label | struct literal : Cookie |
| CookieWithoutHttpOnly.go:61:20:61:21 | &... | semmle.label | &... |
| CookieWithoutHttpOnly.go:61:20:61:21 | &... | semmle.label | &... |
| CookieWithoutHttpOnly.go:61:20:61:21 | &... : pointer type | semmle.label | &... : pointer type |
| CookieWithoutHttpOnly.go:61:20:61:21 | &... : pointer type | semmle.label | &... : pointer type |
| CookieWithoutHttpOnly.go:66:7:70:2 | struct literal : Cookie | semmle.label | struct literal : Cookie |
| CookieWithoutHttpOnly.go:71:20:71:21 | &... | semmle.label | &... |
| CookieWithoutHttpOnly.go:71:20:71:21 | &... : pointer type | semmle.label | &... : pointer type |
| CookieWithoutHttpOnly.go:76:7:79:2 | struct literal : Cookie | semmle.label | struct literal : Cookie |
| CookieWithoutHttpOnly.go:81:20:81:21 | &... | semmle.label | &... |
| CookieWithoutHttpOnly.go:81:20:81:21 | &... : pointer type | semmle.label | &... : pointer type |
| CookieWithoutHttpOnly.go:85:9:85:13 | false : bool | semmle.label | false : bool |
| CookieWithoutHttpOnly.go:86:7:89:2 | struct literal : Cookie | semmle.label | struct literal : Cookie |
| CookieWithoutHttpOnly.go:91:20:91:21 | &... | semmle.label | &... |
| CookieWithoutHttpOnly.go:91:20:91:21 | &... | semmle.label | &... |
| CookieWithoutHttpOnly.go:91:20:91:21 | &... : pointer type | semmle.label | &... : pointer type |
| CookieWithoutHttpOnly.go:91:20:91:21 | &... : pointer type | semmle.label | &... : pointer type |
| CookieWithoutHttpOnly.go:99:15:99:19 | false : bool | semmle.label | false : bool |
| CookieWithoutHttpOnly.go:100:20:100:21 | &... | semmle.label | &... |
| CookieWithoutHttpOnly.go:100:20:100:21 | &... : pointer type | semmle.label | &... : pointer type |
| CookieWithoutHttpOnly.go:105:7:108:2 | struct literal : Cookie | semmle.label | struct literal : Cookie |
| CookieWithoutHttpOnly.go:109:15:109:19 | false : bool | semmle.label | false : bool |
| CookieWithoutHttpOnly.go:110:20:110:21 | &... | semmle.label | &... |
| CookieWithoutHttpOnly.go:110:20:110:21 | &... | semmle.label | &... |
| CookieWithoutHttpOnly.go:110:20:110:21 | &... : pointer type | semmle.label | &... : pointer type |
| CookieWithoutHttpOnly.go:110:20:110:21 | &... : pointer type | semmle.label | &... : pointer type |
| CookieWithoutHttpOnly.go:115:7:118:2 | struct literal : Cookie | semmle.label | struct literal : Cookie |
| CookieWithoutHttpOnly.go:119:15:119:19 | false : bool | semmle.label | false : bool |
| CookieWithoutHttpOnly.go:120:20:120:21 | &... | semmle.label | &... |
| CookieWithoutHttpOnly.go:120:20:120:21 | &... | semmle.label | &... |
| CookieWithoutHttpOnly.go:120:20:120:21 | &... : pointer type | semmle.label | &... : pointer type |
| CookieWithoutHttpOnly.go:120:20:120:21 | &... : pointer type | semmle.label | &... : pointer type |
| CookieWithoutHttpOnly.go:123:13:123:49 | call to NewCookieStore : pointer type | semmle.label | call to NewCookieStore : pointer type |
| CookieWithoutHttpOnly.go:126:16:126:20 | store : pointer type | semmle.label | store : pointer type |
| CookieWithoutHttpOnly.go:129:2:129:8 | session | semmle.label | session |
| CookieWithoutHttpOnly.go:133:14:133:18 | false : bool | semmle.label | false : bool |
| CookieWithoutHttpOnly.go:134:2:134:8 | definition of session [pointer] : Session | semmle.label | definition of session [pointer] : Session |
| CookieWithoutHttpOnly.go:134:2:134:8 | definition of session [pointer] : Session | semmle.label | definition of session [pointer] : Session |
| CookieWithoutHttpOnly.go:134:16:134:20 | store : pointer type | semmle.label | store : pointer type |
| CookieWithoutHttpOnly.go:135:2:135:8 | implicit dereference : Session | semmle.label | implicit dereference : Session |
| CookieWithoutHttpOnly.go:135:2:135:8 | implicit dereference : Session | semmle.label | implicit dereference : Session |
| CookieWithoutHttpOnly.go:135:2:135:8 | session [pointer] : Session | semmle.label | session [pointer] : Session |
| CookieWithoutHttpOnly.go:135:2:135:8 | session [pointer] : Session | semmle.label | session [pointer] : Session |
| CookieWithoutHttpOnly.go:137:2:137:8 | implicit dereference : Session | semmle.label | implicit dereference : Session |
| CookieWithoutHttpOnly.go:137:2:137:8 | implicit dereference : Session | semmle.label | implicit dereference : Session |
| CookieWithoutHttpOnly.go:137:2:137:8 | session [pointer] : Session | semmle.label | session [pointer] : Session |
| CookieWithoutHttpOnly.go:137:2:137:8 | session [pointer] : Session | semmle.label | session [pointer] : Session |
| CookieWithoutHttpOnly.go:137:21:140:2 | struct literal : Options | semmle.label | struct literal : Options |
| CookieWithoutHttpOnly.go:142:2:142:8 | session | semmle.label | session |
| CookieWithoutHttpOnly.go:142:2:142:8 | session | semmle.label | session |
| CookieWithoutHttpOnly.go:142:2:142:8 | session | semmle.label | session |
| CookieWithoutHttpOnly.go:146:2:146:8 | definition of session [pointer] : Session | semmle.label | definition of session [pointer] : Session |
| CookieWithoutHttpOnly.go:146:16:146:20 | store : pointer type | semmle.label | store : pointer type |
| CookieWithoutHttpOnly.go:147:2:147:8 | implicit dereference : Session | semmle.label | implicit dereference : Session |
| CookieWithoutHttpOnly.go:147:2:147:8 | session [pointer] : Session | semmle.label | session [pointer] : Session |
| CookieWithoutHttpOnly.go:149:2:149:8 | implicit dereference : Session | semmle.label | implicit dereference : Session |
| CookieWithoutHttpOnly.go:149:2:149:8 | session [pointer] : Session | semmle.label | session [pointer] : Session |
| CookieWithoutHttpOnly.go:149:21:151:2 | struct literal : Options | semmle.label | struct literal : Options |
| CookieWithoutHttpOnly.go:153:2:153:8 | session | semmle.label | session |
| CookieWithoutHttpOnly.go:153:2:153:8 | session | semmle.label | session |
| CookieWithoutHttpOnly.go:158:2:158:8 | definition of session [pointer] : Session | semmle.label | definition of session [pointer] : Session |
| CookieWithoutHttpOnly.go:158:16:158:20 | store : pointer type | semmle.label | store : pointer type |
| CookieWithoutHttpOnly.go:159:2:159:8 | implicit dereference : Session | semmle.label | implicit dereference : Session |
| CookieWithoutHttpOnly.go:159:2:159:8 | session [pointer] : Session | semmle.label | session [pointer] : Session |
| CookieWithoutHttpOnly.go:161:2:161:8 | implicit dereference : Session | semmle.label | implicit dereference : Session |
| CookieWithoutHttpOnly.go:161:2:161:8 | session [pointer] : Session | semmle.label | session [pointer] : Session |
| CookieWithoutHttpOnly.go:161:21:164:2 | struct literal : Options | semmle.label | struct literal : Options |
| CookieWithoutHttpOnly.go:166:2:166:8 | session | semmle.label | session |
| CookieWithoutHttpOnly.go:166:2:166:8 | session | semmle.label | session |
| CookieWithoutHttpOnly.go:170:2:170:8 | definition of session [pointer] : Session | semmle.label | definition of session [pointer] : Session |
| CookieWithoutHttpOnly.go:170:16:170:20 | store : pointer type | semmle.label | store : pointer type |
| CookieWithoutHttpOnly.go:171:2:171:8 | implicit dereference : Session | semmle.label | implicit dereference : Session |
| CookieWithoutHttpOnly.go:171:2:171:8 | session [pointer] : Session | semmle.label | session [pointer] : Session |
| CookieWithoutHttpOnly.go:173:2:173:8 | implicit dereference : Session | semmle.label | implicit dereference : Session |
| CookieWithoutHttpOnly.go:173:2:173:8 | session [pointer] : Session | semmle.label | session [pointer] : Session |
| CookieWithoutHttpOnly.go:173:21:176:2 | struct literal : Options | semmle.label | struct literal : Options |
| CookieWithoutHttpOnly.go:178:2:178:8 | session | semmle.label | session |
| CookieWithoutHttpOnly.go:178:2:178:8 | session | semmle.label | session |
| CookieWithoutHttpOnly.go:190:66:190:70 | false | semmle.label | false |
#select
| CookieWithoutHttpOnly.go:15:20:15:21 | &... | CookieWithoutHttpOnly.go:11:7:14:2 | struct literal : Cookie | CookieWithoutHttpOnly.go:15:20:15:21 | &... | Cookie attribute 'HttpOnly' is not set to true. |
| CookieWithoutHttpOnly.go:24:20:24:21 | &... | CookieWithoutHttpOnly.go:22:13:22:17 | false : bool | CookieWithoutHttpOnly.go:24:20:24:21 | &... | Cookie attribute 'HttpOnly' is not set to true. |
| CookieWithoutHttpOnly.go:51:20:51:21 | &... | CookieWithoutHttpOnly.go:50:15:50:19 | false : bool | CookieWithoutHttpOnly.go:51:20:51:21 | &... | Cookie attribute 'HttpOnly' is not set to true. |
| CookieWithoutHttpOnly.go:61:20:61:21 | &... | CookieWithoutHttpOnly.go:55:9:55:13 | false : bool | CookieWithoutHttpOnly.go:61:20:61:21 | &... | Cookie attribute 'HttpOnly' is not set to true. |
| CookieWithoutHttpOnly.go:91:20:91:21 | &... | CookieWithoutHttpOnly.go:85:9:85:13 | false : bool | CookieWithoutHttpOnly.go:91:20:91:21 | &... | Cookie attribute 'HttpOnly' is not set to true. |
| CookieWithoutHttpOnly.go:110:20:110:21 | &... | CookieWithoutHttpOnly.go:109:15:109:19 | false : bool | CookieWithoutHttpOnly.go:110:20:110:21 | &... | Cookie attribute 'HttpOnly' is not set to true. |
| CookieWithoutHttpOnly.go:120:20:120:21 | &... | CookieWithoutHttpOnly.go:119:15:119:19 | false : bool | CookieWithoutHttpOnly.go:120:20:120:21 | &... | Cookie attribute 'HttpOnly' is not set to true. |
| CookieWithoutHttpOnly.go:129:2:129:8 | session | CookieWithoutHttpOnly.go:123:13:123:49 | call to NewCookieStore : pointer type | CookieWithoutHttpOnly.go:129:2:129:8 | session | Cookie attribute 'HttpOnly' is not set to true. |
| CookieWithoutHttpOnly.go:142:2:142:8 | session | CookieWithoutHttpOnly.go:133:14:133:18 | false : bool | CookieWithoutHttpOnly.go:142:2:142:8 | session | Cookie attribute 'HttpOnly' is not set to true. |
| CookieWithoutHttpOnly.go:153:2:153:8 | session | CookieWithoutHttpOnly.go:149:21:151:2 | struct literal : Options | CookieWithoutHttpOnly.go:153:2:153:8 | session | Cookie attribute 'HttpOnly' is not set to true. |
| CookieWithoutHttpOnly.go:190:66:190:70 | false | CookieWithoutHttpOnly.go:190:66:190:70 | false | CookieWithoutHttpOnly.go:190:66:190:70 | false | Cookie attribute 'HttpOnly' is not set to true. |
