edges
| HardcodedKeysBad.go:11:18:11:38 | type conversion : slice type | HardcodedKeysBad.go:19:28:19:39 | mySigningKey |
| HardcodedKeysBad.go:11:18:11:38 | type conversion : string | HardcodedKeysBad.go:19:28:19:39 | mySigningKey |
| HardcodedKeysBad.go:11:25:11:37 | "AllYourBase" : string | HardcodedKeysBad.go:11:18:11:38 | type conversion : slice type |
| HardcodedKeysBad.go:11:25:11:37 | "AllYourBase" : string | HardcodedKeysBad.go:11:18:11:38 | type conversion : string |
| main.go:25:18:25:31 | type conversion : slice type | main.go:34:28:34:39 | mySigningKey |
| main.go:25:18:25:31 | type conversion : string | main.go:34:28:34:39 | mySigningKey |
| main.go:25:25:25:30 | "key1" : string | main.go:25:18:25:31 | type conversion : slice type |
| main.go:25:25:25:30 | "key1" : string | main.go:25:18:25:31 | type conversion : string |
| main.go:42:23:42:28 | "key2" : string | main.go:42:16:42:29 | type conversion |
| main.go:60:9:60:22 | type conversion : slice type | main.go:61:44:61:46 | key |
| main.go:60:9:60:22 | type conversion : string | main.go:61:44:61:46 | key |
| main.go:60:16:60:21 | `key3` : string | main.go:60:9:60:22 | type conversion : slice type |
| main.go:60:16:60:21 | `key3` : string | main.go:60:9:60:22 | type conversion : string |
| main.go:65:9:65:22 | type conversion : slice type | main.go:66:66:66:68 | key |
| main.go:65:9:65:22 | type conversion : string | main.go:66:66:66:68 | key |
| main.go:65:16:65:21 | "key4" : string | main.go:65:9:65:22 | type conversion : slice type |
| main.go:65:16:65:21 | "key4" : string | main.go:65:9:65:22 | type conversion : string |
| main.go:69:10:69:23 | type conversion : slice type | main.go:74:15:74:18 | key2 |
| main.go:69:10:69:23 | type conversion : string | main.go:74:15:74:18 | key2 |
| main.go:69:17:69:22 | "key5" : string | main.go:69:10:69:23 | type conversion : slice type |
| main.go:69:17:69:22 | "key5" : string | main.go:69:10:69:23 | type conversion : string |
| main.go:80:9:80:22 | type conversion : slice type | main.go:84:41:84:43 | key |
| main.go:80:9:80:22 | type conversion : string | main.go:84:41:84:43 | key |
| main.go:80:16:80:21 | "key6" : string | main.go:80:9:80:22 | type conversion : slice type |
| main.go:80:16:80:21 | "key6" : string | main.go:80:9:80:22 | type conversion : string |
| main.go:89:10:89:23 | type conversion : slice type | main.go:91:66:91:69 | key2 |
| main.go:89:10:89:23 | type conversion : string | main.go:91:66:91:69 | key2 |
| main.go:89:17:89:22 | "key7" : string | main.go:89:10:89:23 | type conversion : slice type |
| main.go:89:17:89:22 | "key7" : string | main.go:89:10:89:23 | type conversion : string |
| main.go:97:9:97:22 | type conversion : slice type | main.go:103:30:103:32 | key |
| main.go:97:9:97:22 | type conversion : string | main.go:103:30:103:32 | key |
| main.go:97:16:97:21 | "key8" : string | main.go:97:9:97:22 | type conversion : slice type |
| main.go:97:16:97:21 | "key8" : string | main.go:97:9:97:22 | type conversion : string |
| main.go:107:15:107:28 | type conversion : slice type | main.go:108:16:108:24 | sharedKey |
| main.go:107:15:107:28 | type conversion : string | main.go:108:16:108:24 | sharedKey |
| main.go:107:22:107:27 | "key9" : string | main.go:107:15:107:28 | type conversion : slice type |
| main.go:107:22:107:27 | "key9" : string | main.go:107:15:107:28 | type conversion : string |
| main.go:111:23:111:37 | type conversion : slice type | main.go:114:16:114:30 | sharedKeyglobal |
| main.go:111:23:111:37 | type conversion : string | main.go:114:16:114:30 | sharedKeyglobal |
| main.go:111:30:111:36 | "key10" : string | main.go:111:23:111:37 | type conversion : slice type |
| main.go:111:30:111:36 | "key10" : string | main.go:111:23:111:37 | type conversion : string |
nodes
| HardcodedKeysBad.go:11:18:11:38 | type conversion : slice type | semmle.label | type conversion : slice type |
| HardcodedKeysBad.go:11:18:11:38 | type conversion : string | semmle.label | type conversion : string |
| HardcodedKeysBad.go:11:25:11:37 | "AllYourBase" : string | semmle.label | "AllYourBase" : string |
| HardcodedKeysBad.go:19:28:19:39 | mySigningKey | semmle.label | mySigningKey |
| main.go:25:18:25:31 | type conversion : slice type | semmle.label | type conversion : slice type |
| main.go:25:18:25:31 | type conversion : string | semmle.label | type conversion : string |
| main.go:25:25:25:30 | "key1" : string | semmle.label | "key1" : string |
| main.go:34:28:34:39 | mySigningKey | semmle.label | mySigningKey |
| main.go:42:16:42:29 | type conversion | semmle.label | type conversion |
| main.go:42:23:42:28 | "key2" : string | semmle.label | "key2" : string |
| main.go:60:9:60:22 | type conversion : slice type | semmle.label | type conversion : slice type |
| main.go:60:9:60:22 | type conversion : string | semmle.label | type conversion : string |
| main.go:60:16:60:21 | `key3` : string | semmle.label | `key3` : string |
| main.go:61:44:61:46 | key | semmle.label | key |
| main.go:65:9:65:22 | type conversion : slice type | semmle.label | type conversion : slice type |
| main.go:65:9:65:22 | type conversion : string | semmle.label | type conversion : string |
| main.go:65:16:65:21 | "key4" : string | semmle.label | "key4" : string |
| main.go:66:66:66:68 | key | semmle.label | key |
| main.go:69:10:69:23 | type conversion : slice type | semmle.label | type conversion : slice type |
| main.go:69:10:69:23 | type conversion : string | semmle.label | type conversion : string |
| main.go:69:17:69:22 | "key5" : string | semmle.label | "key5" : string |
| main.go:74:15:74:18 | key2 | semmle.label | key2 |
| main.go:80:9:80:22 | type conversion : slice type | semmle.label | type conversion : slice type |
| main.go:80:9:80:22 | type conversion : string | semmle.label | type conversion : string |
| main.go:80:16:80:21 | "key6" : string | semmle.label | "key6" : string |
| main.go:84:41:84:43 | key | semmle.label | key |
| main.go:89:10:89:23 | type conversion : slice type | semmle.label | type conversion : slice type |
| main.go:89:10:89:23 | type conversion : string | semmle.label | type conversion : string |
| main.go:89:17:89:22 | "key7" : string | semmle.label | "key7" : string |
| main.go:91:66:91:69 | key2 | semmle.label | key2 |
| main.go:97:9:97:22 | type conversion : slice type | semmle.label | type conversion : slice type |
| main.go:97:9:97:22 | type conversion : string | semmle.label | type conversion : string |
| main.go:97:16:97:21 | "key8" : string | semmle.label | "key8" : string |
| main.go:103:30:103:32 | key | semmle.label | key |
| main.go:107:15:107:28 | type conversion : slice type | semmle.label | type conversion : slice type |
| main.go:107:15:107:28 | type conversion : string | semmle.label | type conversion : string |
| main.go:107:22:107:27 | "key9" : string | semmle.label | "key9" : string |
| main.go:108:16:108:24 | sharedKey | semmle.label | sharedKey |
| main.go:111:23:111:37 | type conversion : slice type | semmle.label | type conversion : slice type |
| main.go:111:23:111:37 | type conversion : string | semmle.label | type conversion : string |
| main.go:111:30:111:36 | "key10" : string | semmle.label | "key10" : string |
| main.go:114:16:114:30 | sharedKeyglobal | semmle.label | sharedKeyglobal |
subpaths
#select
| HardcodedKeysBad.go:19:28:19:39 | mySigningKey | HardcodedKeysBad.go:11:25:11:37 | "AllYourBase" : string | HardcodedKeysBad.go:19:28:19:39 | mySigningKey | $@ is used to sign a JWT token. | HardcodedKeysBad.go:11:25:11:37 | "AllYourBase" | Hardcoded String |
| main.go:34:28:34:39 | mySigningKey | main.go:25:25:25:30 | "key1" : string | main.go:34:28:34:39 | mySigningKey | $@ is used to sign a JWT token. | main.go:25:25:25:30 | "key1" | Hardcoded String |
| main.go:42:16:42:29 | type conversion | main.go:42:23:42:28 | "key2" : string | main.go:42:16:42:29 | type conversion | $@ is used to sign a JWT token. | main.go:42:23:42:28 | "key2" | Hardcoded String |
| main.go:61:44:61:46 | key | main.go:60:16:60:21 | `key3` : string | main.go:61:44:61:46 | key | $@ is used to sign a JWT token. | main.go:60:16:60:21 | `key3` | Hardcoded String |
| main.go:66:66:66:68 | key | main.go:65:16:65:21 | "key4" : string | main.go:66:66:66:68 | key | $@ is used to sign a JWT token. | main.go:65:16:65:21 | "key4" | Hardcoded String |
| main.go:74:15:74:18 | key2 | main.go:69:17:69:22 | "key5" : string | main.go:74:15:74:18 | key2 | $@ is used to sign a JWT token. | main.go:69:17:69:22 | "key5" | Hardcoded String |
| main.go:84:41:84:43 | key | main.go:80:16:80:21 | "key6" : string | main.go:84:41:84:43 | key | $@ is used to sign a JWT token. | main.go:80:16:80:21 | "key6" | Hardcoded String |
| main.go:91:66:91:69 | key2 | main.go:89:17:89:22 | "key7" : string | main.go:91:66:91:69 | key2 | $@ is used to sign a JWT token. | main.go:89:17:89:22 | "key7" | Hardcoded String |
| main.go:103:30:103:32 | key | main.go:97:16:97:21 | "key8" : string | main.go:103:30:103:32 | key | $@ is used to sign a JWT token. | main.go:97:16:97:21 | "key8" | Hardcoded String |
| main.go:108:16:108:24 | sharedKey | main.go:107:22:107:27 | "key9" : string | main.go:108:16:108:24 | sharedKey | $@ is used to sign a JWT token. | main.go:107:22:107:27 | "key9" | Hardcoded String |
| main.go:114:16:114:30 | sharedKeyglobal | main.go:111:30:111:36 | "key10" : string | main.go:114:16:114:30 | sharedKeyglobal | $@ is used to sign a JWT token. | main.go:111:30:111:36 | "key10" | Hardcoded String |
