| main.go:29:2:29:19 | call to WriteHeader | n/a | 418 | status | 418 |
| main.go:31:2:31:51 | call to Set | "Authorization" | "Basic example:example" | authorization | Basic example:example |
| main.go:32:2:32:26 | call to Add | "Age" | "342232" | age | 342232 |
| main.go:34:2:34:55 | call to Add | server | call to Sprintf | n/a | n/a |
| main.go:35:2:35:45 | call to Set | LOC_HEADER | ...+... | n/a | n/a |
| main.go:36:2:36:5 | head | "Unknown-Header" | composite literal | n/a | n/a |
| main.go:48:2:48:43 | call to Add | "Not-A-Response" | "Header" | not-a-response | Header |
| main.go:49:2:49:42 | call to Set | "Accept" | "nota/response" | accept | nota/response |
| main.go:50:2:50:11 | selection of Header | "Accept-Charset" | composite literal | n/a | n/a |
| main.go:57:2:57:42 | call to Set | "This-Makes" | "No sense" | this-makes | No sense |
