| main.go:16:10:16:15 | selection of Body |
| main.go:17:10:17:15 | selection of Form |
| main.go:18:10:18:17 | selection of Header |
| main.go:19:10:19:14 | selection of URL |
| main.go:23:10:23:16 | selection of Body |
| main.go:24:10:24:16 | selection of Form |
| main.go:25:10:25:18 | selection of Header |
| main.go:26:10:26:15 | selection of URL |
| main.go:48:2:48:11 | selection of Header |
| main.go:49:2:49:11 | selection of Header |
| main.go:50:2:50:11 | selection of Header |
| server.go:8:6:8:13 | selection of Header |
| server.go:9:6:9:13 | selection of Header |
| server.go:9:6:9:38 | call to Values |
| server.go:10:6:10:13 | selection of Header |
| server.go:10:6:10:35 | call to Get |
| server.go:13:6:13:11 | selection of Body |
