edges
| IncompleteHostnameRegexp.go:11:8:11:36 | "^((www\|beta).)?example.com/" : string | IncompleteHostnameRegexp.go:12:38:12:39 | re |
nodes
| IncompleteHostnameRegexp.go:11:8:11:36 | "^((www\|beta).)?example.com/" : string | semmle.label | "^((www\|beta).)?example.com/" : string |
| IncompleteHostnameRegexp.go:12:38:12:39 | re | semmle.label | re |
| main.go:12:15:12:39 | `https://www.example.com` | semmle.label | `https://www.example.com` |
#select
| IncompleteHostnameRegexp.go:11:8:11:36 | "^((www\|beta).)?example.com/" : string | IncompleteHostnameRegexp.go:11:8:11:36 | "^((www\|beta).)?example.com/" : string | IncompleteHostnameRegexp.go:12:38:12:39 | re | This regular expression has an unescaped dot before ')?example.com', so it might match more hosts than expected when used $@. | IncompleteHostnameRegexp.go:12:38:12:39 | re | here |
| main.go:12:15:12:39 | `https://www.example.com` | main.go:12:15:12:39 | `https://www.example.com` | main.go:12:15:12:39 | `https://www.example.com` | This regular expression has an unescaped dot before 'example.com', so it might match more hosts than expected when used $@. | main.go:12:15:12:39 | `https://www.example.com` | here |
