| Extraction failed in query-tests/Diagnostics/type.go with error cannot use v (variable of type V) as T value in argument to takesT | 2 |
| Extraction failed with error expected 'package', found avvu | 2 |
| Extraction failed with error malformed import path "github.com/github/codeql-go/ql/test/query-tests/Diagnostics/invalid{": invalid char '{' | 2 |
