| pkg1/embedding.go:19:23:19:26 | base | github.com/github/codeql-go/ql/test/library-tests/semmle/go/Types/pkg1.embedder | base |
| pkg1/embedding.go:19:23:19:26 | base | github.com/github/codeql-go/ql/test/library-tests/semmle/go/Types/pkg1.embedder2 | base |
| pkg1/embedding.go:19:23:19:26 | base | github.com/github/codeql-go/ql/test/library-tests/semmle/go/Types/pkg1.embedder3 | base |
| pkg1/embedding.go:22:27:22:30 | base | github.com/github/codeql-go/ql/test/library-tests/semmle/go/Types/pkg1.ptrembedder | base |
| pkg1/embedding.go:25:24:25:31 | embedder | github.com/github/codeql-go/ql/test/library-tests/semmle/go/Types/pkg1.embedder2 | embedder |
| pkg1/embedding.go:25:24:25:31 | embedder | github.com/github/codeql-go/ql/test/library-tests/semmle/go/Types/pkg1.embedder3 | embedder |
| pkg1/embedding.go:28:24:28:31 | embedder | github.com/github/codeql-go/ql/test/library-tests/semmle/go/Types/pkg1.embedder2 | embedder |
| pkg1/embedding.go:28:24:28:31 | embedder | github.com/github/codeql-go/ql/test/library-tests/semmle/go/Types/pkg1.embedder3 | embedder |
| pkg1/embedding.go:36:2:36:5 | base | github.com/github/codeql-go/ql/test/library-tests/semmle/go/Types/pkg1.embedder4 | base |
| pkg1/embedding.go:37:2:37:2 | f | github.com/github/codeql-go/ql/test/library-tests/semmle/go/Types/pkg1.embedder4 | f |
| pkg1/tst.go:4:2:4:2 | f | github.com/github/codeql-go/ql/test/library-tests/semmle/go/Types/pkg1.T | f |
| pkg1/tst.go:5:2:5:4 | Foo | github.com/github/codeql-go/ql/test/library-tests/semmle/go/Types/pkg1.T | Foo |
| pkg1/tst.go:6:2:6:4 | Bar | github.com/github/codeql-go/ql/test/library-tests/semmle/go/Types/pkg1.T | Bar |
| pkg1/tst.go:10:2:10:4 | Foo | github.com/github/codeql-go/ql/test/library-tests/semmle/go/Types/pkg1.T2 | Foo |
| pkg1/tst.go:11:2:11:4 | Bar | github.com/github/codeql-go/ql/test/library-tests/semmle/go/Types/pkg1.T2 | Bar |
| pkg1/tst.go:15:3:15:5 | Foo | github.com/github/codeql-go/ql/test/library-tests/semmle/go/Types/pkg1.T3 | Foo |
| pkg1/tst.go:16:3:16:5 | Bar | github.com/github/codeql-go/ql/test/library-tests/semmle/go/Types/pkg1.T3 | Bar |
| pkg1/tst.go:20:3:20:5 | Foo | github.com/github/codeql-go/ql/test/library-tests/semmle/go/Types/pkg1.T4 | Foo |
| pkg1/tst.go:21:2:21:4 | Bar | github.com/github/codeql-go/ql/test/library-tests/semmle/go/Types/pkg1.T4 | Bar |
| pkg1/tst.go:25:2:25:4 | val | github.com/github/codeql-go/ql/test/library-tests/semmle/go/Types/pkg1.Foo | val |
| pkg1/tst.go:25:2:25:4 | val | github.com/github/codeql-go/ql/test/library-tests/semmle/go/Types/pkg1.T | val |
| pkg1/tst.go:25:2:25:4 | val | github.com/github/codeql-go/ql/test/library-tests/semmle/go/Types/pkg1.T3 | val |
| pkg1/tst.go:25:2:25:4 | val | github.com/github/codeql-go/ql/test/library-tests/semmle/go/Types/pkg1.T4 | val |
| pkg1/tst.go:26:2:26:5 | flag | github.com/github/codeql-go/ql/test/library-tests/semmle/go/Types/pkg1.Foo | flag |
| pkg1/tst.go:26:2:26:5 | flag | github.com/github/codeql-go/ql/test/library-tests/semmle/go/Types/pkg1.T4 | flag |
| pkg1/tst.go:30:2:30:5 | flag | github.com/github/codeql-go/ql/test/library-tests/semmle/go/Types/pkg1.Bar | flag |
| pkg1/tst.go:30:2:30:5 | flag | github.com/github/codeql-go/ql/test/library-tests/semmle/go/Types/pkg1.T2 | flag |
| pkg2/tst.go:4:2:4:2 | g | github.com/github/codeql-go/ql/test/library-tests/semmle/go/Types/pkg2.G | g |
| pkg2/tst.go:4:2:4:2 | g | github.com/github/codeql-go/ql/test/library-tests/semmle/go/Types/pkg2.T | g |
| pkg2/tst.go:8:2:8:2 | g | github.com/github/codeql-go/ql/test/library-tests/semmle/go/Types/pkg2.G | g |
| pkg2/tst.go:8:2:8:2 | g | github.com/github/codeql-go/ql/test/library-tests/semmle/go/Types/pkg2.T | g |
