| * Foo | 1 |
| A | 1 |
| A2 | 1 |
| AC | 3 |
| AEmbedded | 1 |
| AExtended | 2 |
| B | 2 |
| C | 2 |
| Foo | 1 |
