| A | github.com/github/codeql-go/ql/test/library-tests/semmle/go/Types/pkg1.A |
| AC | github.com/github/codeql-go/ql/test/library-tests/semmle/go/Types/pkg1.AC |
| AEmbedded | github.com/github/codeql-go/ql/test/library-tests/semmle/go/Types/pkg1.AEmbedded |
| AExtended | github.com/github/codeql-go/ql/test/library-tests/semmle/go/Types/pkg1.AExtended |
| B | github.com/github/codeql-go/ql/test/library-tests/semmle/go/Types/pkg1.B |
| Bar | github.com/github/codeql-go/ql/test/library-tests/semmle/go/Types/pkg1.Bar |
| C | github.com/github/codeql-go/ql/test/library-tests/semmle/go/Types/pkg1.C |
| Foo | github.com/github/codeql-go/ql/test/library-tests/semmle/go/Types/pkg1.Foo |
| G | github.com/github/codeql-go/ql/test/library-tests/semmle/go/Types/pkg2.G |
| T | github.com/github/codeql-go/ql/test/library-tests/semmle/go/Types/pkg1.T |
| T | github.com/github/codeql-go/ql/test/library-tests/semmle/go/Types/pkg2.T |
| T2 | github.com/github/codeql-go/ql/test/library-tests/semmle/go/Types/pkg1.T2 |
| T3 | github.com/github/codeql-go/ql/test/library-tests/semmle/go/Types/pkg1.T3 |
| T4 | github.com/github/codeql-go/ql/test/library-tests/semmle/go/Types/pkg1.T4 |
