| main.go:5:1:5:30 | function declaration | 1 |
| main.go:7:1:9:1 | function declaration | 2 |
| main.go:11:1:11:14 | function declaration | 0 |
| pkg1/embedding.go:10:1:12:1 | function declaration | 0 |
| pkg1/embedding.go:14:1:16:1 | function declaration | 0 |
| pkg1/embedding.go:30:1:32:1 | function declaration | 0 |
| pkg1/embedding.go:40:1:61:1 | function declaration | 0 |
| pkg1/tst.go:33:1:35:1 | function declaration | 0 |
| pkg1/tst.go:37:1:37:26 | function declaration | 1 |
| pkg1/tst.go:39:1:57:1 | function declaration | 2 |
| unknownFunction.go:8:1:12:1 | function declaration | 0 |
