| A | A |
| AC | AC |
| AEmbedded | AEmbedded |
| AExtended | AExtended |
| B | B |
| Bar | Bar |
| C | C |
| Foo | Foo |
| G | G |
| T | T |
| T | T |
| T2 | T2 |
| T3 | T3 |
| T4 | T4 |
