edges
| ReflectedXss.go:11:15:11:20 | selection of Form : Values | ReflectedXss.go:14:44:14:51 | username |
| contenttype.go:11:11:11:16 | selection of Form : Values | contenttype.go:17:11:17:22 | type conversion |
| contenttype.go:49:11:49:16 | selection of Form : Values | contenttype.go:53:34:53:37 | data |
| tst.go:11:15:11:20 | selection of Form : Values | tst.go:15:12:15:39 | type conversion |
nodes
| ReflectedXss.go:11:15:11:20 | selection of Form : Values | semmle.label | selection of Form : Values |
| ReflectedXss.go:14:44:14:51 | username | semmle.label | username |
| contenttype.go:11:11:11:16 | selection of Form : Values | semmle.label | selection of Form : Values |
| contenttype.go:17:11:17:22 | type conversion | semmle.label | type conversion |
| contenttype.go:49:11:49:16 | selection of Form : Values | semmle.label | selection of Form : Values |
| contenttype.go:53:34:53:37 | data | semmle.label | data |
| tst.go:11:15:11:20 | selection of Form : Values | semmle.label | selection of Form : Values |
| tst.go:15:12:15:39 | type conversion | semmle.label | type conversion |
#select
| ReflectedXss.go:14:44:14:51 | username | ReflectedXss.go:11:15:11:20 | selection of Form : Values | ReflectedXss.go:14:44:14:51 | username | Cross-site scripting vulnerability due to $@. | ReflectedXss.go:11:15:11:20 | selection of Form | user-provided value |
| contenttype.go:17:11:17:22 | type conversion | contenttype.go:11:11:11:16 | selection of Form : Values | contenttype.go:17:11:17:22 | type conversion | Cross-site scripting vulnerability due to $@. | contenttype.go:11:11:11:16 | selection of Form | user-provided value |
| contenttype.go:53:34:53:37 | data | contenttype.go:49:11:49:16 | selection of Form : Values | contenttype.go:53:34:53:37 | data | Cross-site scripting vulnerability due to $@. | contenttype.go:49:11:49:16 | selection of Form | user-provided value |
| tst.go:15:12:15:39 | type conversion | tst.go:11:15:11:20 | selection of Form : Values | tst.go:15:12:15:39 | type conversion | Cross-site scripting vulnerability due to $@. | tst.go:11:15:11:20 | selection of Form | user-provided value |
