| Revel.go:39:12:39:19 | selection of Params : pointer type | Revel.go:39:12:39:30 | call to Get | 39 |
| Revel.go:40:15:40:22 | selection of Params : pointer type | Revel.go:32:12:32:22 | index expression | 40 |
| Revel.go:40:15:40:22 | selection of Params : pointer type | Revel.go:33:12:33:23 | call to Get | 40 |
| Revel.go:43:2:43:9 | selection of Params : pointer type | Revel.go:44:12:44:15 | val4 | 43 |
| Revel.go:46:12:46:37 | call to FormValue | Revel.go:46:12:46:37 | call to FormValue | 46 |
| Revel.go:55:15:55:22 | selection of Params : pointer type | Revel.go:32:12:32:22 | index expression | 55 |
| Revel.go:55:15:55:22 | selection of Params : pointer type | Revel.go:33:12:33:23 | call to Get | 55 |
| Revel.go:56:15:56:48 | selection of Params : map type | Revel.go:32:12:32:22 | index expression | 56 |
| Revel.go:56:15:56:48 | selection of Params : map type | Revel.go:33:12:33:23 | call to Get | 56 |
| Revel.go:60:15:60:22 | selection of Params : pointer type | Revel.go:32:12:32:22 | index expression | 60 |
| Revel.go:60:15:60:22 | selection of Params : pointer type | Revel.go:33:12:33:23 | call to Get | 60 |
| Revel.go:64:15:64:22 | selection of Params : pointer type | Revel.go:32:12:32:22 | index expression | 64 |
| Revel.go:64:15:64:22 | selection of Params : pointer type | Revel.go:33:12:33:23 | call to Get | 64 |
| Revel.go:65:12:65:41 | call to PostFormValue | Revel.go:65:12:65:41 | call to PostFormValue | 65 |
| Revel.go:69:11:69:18 | selection of Params : pointer type | Revel.go:69:11:69:34 | index expression | 69 |
| Revel.go:73:10:73:17 | selection of Params : pointer type | Revel.go:73:10:73:22 | selection of JSON | 73 |
| Revel.go:76:2:76:9 | selection of Params : pointer type | Revel.go:77:12:77:32 | type assertion | 76 |
| Revel.go:81:15:81:34 | call to GetQuery : Values | Revel.go:32:12:32:22 | index expression | 81 |
| Revel.go:81:15:81:34 | call to GetQuery : Values | Revel.go:33:12:33:23 | call to Get | 81 |
| Revel.go:82:15:82:28 | selection of Form : Values | Revel.go:32:12:32:22 | index expression | 82 |
| Revel.go:82:15:82:28 | selection of Form : Values | Revel.go:33:12:33:23 | call to Get | 82 |
| Revel.go:83:15:83:37 | selection of MultipartForm : pointer type | Revel.go:32:12:32:22 | index expression | 83 |
| Revel.go:83:15:83:37 | selection of MultipartForm : pointer type | Revel.go:33:12:33:23 | call to Get | 83 |
| Revel.go:84:12:84:32 | selection of ContentType | Revel.go:84:12:84:32 | selection of ContentType | 84 |
| Revel.go:85:12:85:36 | selection of AcceptLanguages : AcceptLanguages | Revel.go:85:12:85:48 | selection of Language | 85 |
| Revel.go:86:12:86:27 | selection of Locale | Revel.go:86:12:86:27 | selection of Locale | 86 |
| Revel.go:88:13:88:31 | call to GetForm : tuple type | Revel.go:32:12:32:22 | index expression | 88 |
| Revel.go:88:13:88:31 | call to GetForm : tuple type | Revel.go:33:12:33:23 | call to Get | 88 |
| Revel.go:91:13:91:40 | call to GetMultipartForm : tuple type | Revel.go:32:12:32:22 | index expression | 91 |
| Revel.go:91:13:91:40 | call to GetMultipartForm : tuple type | Revel.go:33:12:33:23 | call to Get | 91 |
| Revel.go:94:13:94:40 | call to GetMultipartForm : tuple type | Revel.go:95:11:95:35 | index expression | 94 |
| Revel.go:97:11:97:33 | selection of MultipartForm : pointer type | Revel.go:97:11:97:48 | index expression | 97 |
| Revel.go:99:28:99:46 | call to GetBody : Reader | Revel.go:100:10:100:13 | json | 99 |
| Revel.go:102:15:102:37 | call to Cookie : tuple type | Revel.go:103:12:103:28 | call to GetValue | 102 |
| Revel.go:105:12:105:48 | call to GetHttpHeader | Revel.go:105:12:105:48 | call to GetHttpHeader | 105 |
| Revel.go:107:12:107:36 | call to GetRequestURI | Revel.go:107:12:107:36 | call to GetRequestURI | 107 |
| Revel.go:109:15:109:41 | call to MultipartReader : tuple type | Revel.go:113:12:113:27 | type conversion | 109 |
| Revel.go:115:12:115:30 | call to Referer | Revel.go:115:12:115:30 | call to Referer | 115 |
| Revel.go:117:12:117:32 | call to UserAgent | Revel.go:117:12:117:32 | call to UserAgent | 117 |
| Revel.go:122:37:122:44 | &... : pointer type | Revel.go:123:12:123:18 | message | 122 |
| Revel.go:126:41:126:42 | &... : pointer type | Revel.go:127:12:127:12 | p | 126 |
| Revel.go:131:13:131:28 | selection of Header : pointer type | Revel.go:132:12:132:18 | tainted | 131 |
| Revel.go:134:14:134:29 | selection of Header : pointer type | Revel.go:135:12:135:22 | index expression | 134 |
